  Determining projects to restore...
/home/chad/repos/witchcityrope/WitchCityRope/tests/WitchCityRope.Api.Tests/WitchCityRope.Api.Tests.csproj : warning NU1603: WitchCityRope.Api.Tests depends on xunit.runner.visualstudio (>= 2.9.3) but xunit.runner.visualstudio 2.9.3 was not found. xunit.runner.visualstudio 3.0.0 was resolved instead. [/home/chad/repos/witchcityrope/WitchCityRope/WitchCityRope.sln]
/home/chad/repos/witchcityrope/WitchCityRope/tests/WitchCityRope.Web.Tests/WitchCityRope.Web.Tests.csproj : warning NU1603: WitchCityRope.Web.Tests depends on xunit.runner.visualstudio (>= 2.9.3) but xunit.runner.visualstudio 2.9.3 was not found. xunit.runner.visualstudio 3.0.0 was resolved instead. [/home/chad/repos/witchcityrope/WitchCityRope/WitchCityRope.sln]
  All projects are up-to-date for restore.
/home/chad/repos/witchcityrope/WitchCityRope/tests/WitchCityRope.Api.Tests/WitchCityRope.Api.Tests.csproj : warning NU1603: WitchCityRope.Api.Tests depends on xunit.runner.visualstudio (>= 2.9.3) but xunit.runner.visualstudio 2.9.3 was not found. xunit.runner.visualstudio 3.0.0 was resolved instead.
/home/chad/repos/witchcityrope/WitchCityRope/tests/WitchCityRope.Web.Tests/WitchCityRope.Web.Tests.csproj : warning NU1603: WitchCityRope.Web.Tests depends on xunit.runner.visualstudio (>= 2.9.3) but xunit.runner.visualstudio 2.9.3 was not found. xunit.runner.visualstudio 3.0.0 was resolved instead.
  WitchCityRope.Core -> /home/chad/repos/witchcityrope/WitchCityRope/src/WitchCityRope.Core/bin/Debug/net9.0/WitchCityRope.Core.dll
  WitchCityRope.Infrastructure -> /home/chad/repos/witchcityrope/WitchCityRope/src/WitchCityRope.Infrastructure/bin/Debug/net9.0/WitchCityRope.Infrastructure.dll
  WitchCityRope.Tests.Common -> /home/chad/repos/witchcityrope/WitchCityRope/tests/WitchCityRope.Tests.Common/bin/Debug/net9.0/WitchCityRope.Tests.Common.dll
  WitchCityRope.Api -> /home/chad/repos/witchcityrope/WitchCityRope/src/WitchCityRope.Api/bin/Debug/net9.0/WitchCityRope.Api.dll
  WitchCityRope.Core.Tests -> /home/chad/repos/witchcityrope/WitchCityRope/tests/WitchCityRope.Core.Tests/bin/Debug/net9.0/WitchCityRope.Core.Tests.dll
  WitchCityRope.Web -> /home/chad/repos/witchcityrope/WitchCityRope/src/WitchCityRope.Web/bin/Debug/net9.0/WitchCityRope.Web.dll
  WitchCityRope.PerformanceTests -> /home/chad/repos/witchcityrope/WitchCityRope/tests/WitchCityRope.PerformanceTests/bin/Debug/net9.0/WitchCityRope.PerformanceTests.dll
/home/chad/repos/witchcityrope/WitchCityRope/tests/WitchCityRope.Infrastructure.Tests/Data/ConcurrencyTests.cs(31,33): warning CS8602: Dereference of a possibly null reference. [/home/chad/repos/witchcityrope/WitchCityRope/tests/WitchCityRope.Infrastructure.Tests/WitchCityRope.Infrastructure.Tests.csproj]
/home/chad/repos/witchcityrope/WitchCityRope/tests/WitchCityRope.Infrastructure.Tests/Data/ConcurrencyTests.cs(34,13): warning CS8602: Dereference of a possibly null reference. [/home/chad/repos/witchcityrope/WitchCityRope/tests/WitchCityRope.Infrastructure.Tests/WitchCityRope.Infrastructure.Tests.csproj]
/home/chad/repos/witchcityrope/WitchCityRope/tests/WitchCityRope.Infrastructure.Tests/Data/ConcurrencyTests.cs(35,13): warning CS8602: Dereference of a possibly null reference. [/home/chad/repos/witchcityrope/WitchCityRope/tests/WitchCityRope.Infrastructure.Tests/WitchCityRope.Infrastructure.Tests.csproj]
/home/chad/repos/witchcityrope/WitchCityRope/tests/WitchCityRope.Infrastructure.Tests/Data/ConcurrencyTests.cs(36,13): warning CS8602: Dereference of a possibly null reference. [/home/chad/repos/witchcityrope/WitchCityRope/tests/WitchCityRope.Infrastructure.Tests/WitchCityRope.Infrastructure.Tests.csproj]
/home/chad/repos/witchcityrope/WitchCityRope/tests/WitchCityRope.Infrastructure.Tests/Data/ConcurrencyTests.cs(37,13): warning CS8602: Dereference of a possibly null reference. [/home/chad/repos/witchcityrope/WitchCityRope/tests/WitchCityRope.Infrastructure.Tests/WitchCityRope.Infrastructure.Tests.csproj]
/home/chad/repos/witchcityrope/WitchCityRope/tests/WitchCityRope.Infrastructure.Tests/Data/ConcurrencyTests.cs(38,13): warning CS8602: Dereference of a possibly null reference. [/home/chad/repos/witchcityrope/WitchCityRope/tests/WitchCityRope.Infrastructure.Tests/WitchCityRope.Infrastructure.Tests.csproj]
/home/chad/repos/witchcityrope/WitchCityRope/tests/WitchCityRope.Infrastructure.Tests/Data/ConcurrencyTests.cs(39,13): warning CS8602: Dereference of a possibly null reference. [/home/chad/repos/witchcityrope/WitchCityRope/tests/WitchCityRope.Infrastructure.Tests/WitchCityRope.Infrastructure.Tests.csproj]
/home/chad/repos/witchcityrope/WitchCityRope/tests/WitchCityRope.Infrastructure.Tests/Data/ConcurrencyTests.cs(40,13): warning CS8602: Dereference of a possibly null reference. [/home/chad/repos/witchcityrope/WitchCityRope/tests/WitchCityRope.Infrastructure.Tests/WitchCityRope.Infrastructure.Tests.csproj]
/home/chad/repos/witchcityrope/WitchCityRope/tests/WitchCityRope.Infrastructure.Tests/Data/ConcurrencyTests.cs(41,13): warning CS8602: Dereference of a possibly null reference. [/home/chad/repos/witchcityrope/WitchCityRope/tests/WitchCityRope.Infrastructure.Tests/WitchCityRope.Infrastructure.Tests.csproj]
/home/chad/repos/witchcityrope/WitchCityRope/tests/WitchCityRope.Infrastructure.Tests/Data/ConcurrencyTests.cs(42,13): warning CS8602: Dereference of a possibly null reference. [/home/chad/repos/witchcityrope/WitchCityRope/tests/WitchCityRope.Infrastructure.Tests/WitchCityRope.Infrastructure.Tests.csproj]
/home/chad/repos/witchcityrope/WitchCityRope/tests/WitchCityRope.Infrastructure.Tests/Data/ConcurrencyTests.cs(43,13): warning CS8602: Dereference of a possibly null reference. [/home/chad/repos/witchcityrope/WitchCityRope/tests/WitchCityRope.Infrastructure.Tests/WitchCityRope.Infrastructure.Tests.csproj]
/home/chad/repos/witchcityrope/WitchCityRope/tests/WitchCityRope.Infrastructure.Tests/Data/ConcurrencyTests.cs(44,13): warning CS8602: Dereference of a possibly null reference. [/home/chad/repos/witchcityrope/WitchCityRope/tests/WitchCityRope.Infrastructure.Tests/WitchCityRope.Infrastructure.Tests.csproj]
/home/chad/repos/witchcityrope/WitchCityRope/tests/WitchCityRope.Infrastructure.Tests/Data/WitchCityRopeDbContextTests.cs(30,33): warning CS8602: Dereference of a possibly null reference. [/home/chad/repos/witchcityrope/WitchCityRope/tests/WitchCityRope.Infrastructure.Tests/WitchCityRope.Infrastructure.Tests.csproj]
/home/chad/repos/witchcityrope/WitchCityRope/tests/WitchCityRope.Infrastructure.Tests/Data/WitchCityRopeDbContextTests.cs(33,13): warning CS8602: Dereference of a possibly null reference. [/home/chad/repos/witchcityrope/WitchCityRope/tests/WitchCityRope.Infrastructure.Tests/WitchCityRope.Infrastructure.Tests.csproj]
/home/chad/repos/witchcityrope/WitchCityRope/tests/WitchCityRope.Infrastructure.Tests/Data/WitchCityRopeDbContextTests.cs(34,13): warning CS8602: Dereference of a possibly null reference. [/home/chad/repos/witchcityrope/WitchCityRope/tests/WitchCityRope.Infrastructure.Tests/WitchCityRope.Infrastructure.Tests.csproj]
/home/chad/repos/witchcityrope/WitchCityRope/tests/WitchCityRope.Infrastructure.Tests/Data/WitchCityRopeDbContextTests.cs(35,13): warning CS8602: Dereference of a possibly null reference. [/home/chad/repos/witchcityrope/WitchCityRope/tests/WitchCityRope.Infrastructure.Tests/WitchCityRope.Infrastructure.Tests.csproj]
/home/chad/repos/witchcityrope/WitchCityRope/tests/WitchCityRope.Infrastructure.Tests/Data/WitchCityRopeDbContextTests.cs(36,13): warning CS8602: Dereference of a possibly null reference. [/home/chad/repos/witchcityrope/WitchCityRope/tests/WitchCityRope.Infrastructure.Tests/WitchCityRope.Infrastructure.Tests.csproj]
/home/chad/repos/witchcityrope/WitchCityRope/tests/WitchCityRope.Infrastructure.Tests/Data/WitchCityRopeDbContextTests.cs(37,13): warning CS8602: Dereference of a possibly null reference. [/home/chad/repos/witchcityrope/WitchCityRope/tests/WitchCityRope.Infrastructure.Tests/WitchCityRope.Infrastructure.Tests.csproj]
/home/chad/repos/witchcityrope/WitchCityRope/tests/WitchCityRope.Infrastructure.Tests/Data/WitchCityRopeDbContextTests.cs(38,13): warning CS8602: Dereference of a possibly null reference. [/home/chad/repos/witchcityrope/WitchCityRope/tests/WitchCityRope.Infrastructure.Tests/WitchCityRope.Infrastructure.Tests.csproj]
/home/chad/repos/witchcityrope/WitchCityRope/tests/WitchCityRope.Infrastructure.Tests/Data/WitchCityRopeDbContextTests.cs(39,13): warning CS8602: Dereference of a possibly null reference. [/home/chad/repos/witchcityrope/WitchCityRope/tests/WitchCityRope.Infrastructure.Tests/WitchCityRope.Infrastructure.Tests.csproj]
/home/chad/repos/witchcityrope/WitchCityRope/tests/WitchCityRope.Infrastructure.Tests/Data/WitchCityRopeDbContextTests.cs(40,13): warning CS8602: Dereference of a possibly null reference. [/home/chad/repos/witchcityrope/WitchCityRope/tests/WitchCityRope.Infrastructure.Tests/WitchCityRope.Infrastructure.Tests.csproj]
/home/chad/repos/witchcityrope/WitchCityRope/tests/WitchCityRope.Infrastructure.Tests/Data/WitchCityRopeDbContextTests.cs(41,13): warning CS8602: Dereference of a possibly null reference. [/home/chad/repos/witchcityrope/WitchCityRope/tests/WitchCityRope.Infrastructure.Tests/WitchCityRope.Infrastructure.Tests.csproj]
/home/chad/repos/witchcityrope/WitchCityRope/tests/WitchCityRope.Infrastructure.Tests/Data/WitchCityRopeDbContextTests.cs(42,13): warning CS8602: Dereference of a possibly null reference. [/home/chad/repos/witchcityrope/WitchCityRope/tests/WitchCityRope.Infrastructure.Tests/WitchCityRope.Infrastructure.Tests.csproj]
/home/chad/repos/witchcityrope/WitchCityRope/tests/WitchCityRope.Infrastructure.Tests/Data/WitchCityRopeDbContextTests.cs(43,13): warning CS8602: Dereference of a possibly null reference. [/home/chad/repos/witchcityrope/WitchCityRope/tests/WitchCityRope.Infrastructure.Tests/WitchCityRope.Infrastructure.Tests.csproj]
/home/chad/repos/witchcityrope/WitchCityRope/tests/WitchCityRope.Infrastructure.Tests/Data/EntityConfigurationTests.cs(29,33): warning CS8602: Dereference of a possibly null reference. [/home/chad/repos/witchcityrope/WitchCityRope/tests/WitchCityRope.Infrastructure.Tests/WitchCityRope.Infrastructure.Tests.csproj]
/home/chad/repos/witchcityrope/WitchCityRope/tests/WitchCityRope.Infrastructure.Tests/Data/EntityConfigurationTests.cs(32,13): warning CS8602: Dereference of a possibly null reference. [/home/chad/repos/witchcityrope/WitchCityRope/tests/WitchCityRope.Infrastructure.Tests/WitchCityRope.Infrastructure.Tests.csproj]
/home/chad/repos/witchcityrope/WitchCityRope/tests/WitchCityRope.Infrastructure.Tests/Data/EntityConfigurationTests.cs(33,13): warning CS8602: Dereference of a possibly null reference. [/home/chad/repos/witchcityrope/WitchCityRope/tests/WitchCityRope.Infrastructure.Tests/WitchCityRope.Infrastructure.Tests.csproj]
/home/chad/repos/witchcityrope/WitchCityRope/tests/WitchCityRope.Infrastructure.Tests/Data/EntityConfigurationTests.cs(34,13): warning CS8602: Dereference of a possibly null reference. [/home/chad/repos/witchcityrope/WitchCityRope/tests/WitchCityRope.Infrastructure.Tests/WitchCityRope.Infrastructure.Tests.csproj]
/home/chad/repos/witchcityrope/WitchCityRope/tests/WitchCityRope.Infrastructure.Tests/Data/EntityConfigurationTests.cs(35,13): warning CS8602: Dereference of a possibly null reference. [/home/chad/repos/witchcityrope/WitchCityRope/tests/WitchCityRope.Infrastructure.Tests/WitchCityRope.Infrastructure.Tests.csproj]
/home/chad/repos/witchcityrope/WitchCityRope/tests/WitchCityRope.Infrastructure.Tests/Data/EntityConfigurationTests.cs(36,13): warning CS8602: Dereference of a possibly null reference. [/home/chad/repos/witchcityrope/WitchCityRope/tests/WitchCityRope.Infrastructure.Tests/WitchCityRope.Infrastructure.Tests.csproj]
/home/chad/repos/witchcityrope/WitchCityRope/tests/WitchCityRope.Infrastructure.Tests/Data/EntityConfigurationTests.cs(37,13): warning CS8602: Dereference of a possibly null reference. [/home/chad/repos/witchcityrope/WitchCityRope/tests/WitchCityRope.Infrastructure.Tests/WitchCityRope.Infrastructure.Tests.csproj]
/home/chad/repos/witchcityrope/WitchCityRope/tests/WitchCityRope.Infrastructure.Tests/Data/EntityConfigurationTests.cs(38,13): warning CS8602: Dereference of a possibly null reference. [/home/chad/repos/witchcityrope/WitchCityRope/tests/WitchCityRope.Infrastructure.Tests/WitchCityRope.Infrastructure.Tests.csproj]
/home/chad/repos/witchcityrope/WitchCityRope/tests/WitchCityRope.Infrastructure.Tests/Data/EntityConfigurationTests.cs(39,13): warning CS8602: Dereference of a possibly null reference. [/home/chad/repos/witchcityrope/WitchCityRope/tests/WitchCityRope.Infrastructure.Tests/WitchCityRope.Infrastructure.Tests.csproj]
/home/chad/repos/witchcityrope/WitchCityRope/tests/WitchCityRope.Infrastructure.Tests/Data/EntityConfigurationTests.cs(40,13): warning CS8602: Dereference of a possibly null reference. [/home/chad/repos/witchcityrope/WitchCityRope/tests/WitchCityRope.Infrastructure.Tests/WitchCityRope.Infrastructure.Tests.csproj]
/home/chad/repos/witchcityrope/WitchCityRope/tests/WitchCityRope.Infrastructure.Tests/Data/EntityConfigurationTests.cs(41,13): warning CS8602: Dereference of a possibly null reference. [/home/chad/repos/witchcityrope/WitchCityRope/tests/WitchCityRope.Infrastructure.Tests/WitchCityRope.Infrastructure.Tests.csproj]
/home/chad/repos/witchcityrope/WitchCityRope/tests/WitchCityRope.Infrastructure.Tests/Data/EntityConfigurationTests.cs(42,13): warning CS8602: Dereference of a possibly null reference. [/home/chad/repos/witchcityrope/WitchCityRope/tests/WitchCityRope.Infrastructure.Tests/WitchCityRope.Infrastructure.Tests.csproj]
/home/chad/repos/witchcityrope/WitchCityRope/tests/WitchCityRope.Infrastructure.Tests/Data/ConcurrencyTests.cs(58,46): warning CS8602: Dereference of a possibly null reference. [/home/chad/repos/witchcityrope/WitchCityRope/tests/WitchCityRope.Infrastructure.Tests/WitchCityRope.Infrastructure.Tests.csproj]
/home/chad/repos/witchcityrope/WitchCityRope/tests/WitchCityRope.Infrastructure.Tests/Data/ConcurrencyTests.cs(60,13): warning CS8602: Dereference of a possibly null reference. [/home/chad/repos/witchcityrope/WitchCityRope/tests/WitchCityRope.Infrastructure.Tests/WitchCityRope.Infrastructure.Tests.csproj]
/home/chad/repos/witchcityrope/WitchCityRope/tests/WitchCityRope.Infrastructure.Tests/Data/ConcurrencyTests.cs(61,13): warning CS8602: Dereference of a possibly null reference. [/home/chad/repos/witchcityrope/WitchCityRope/tests/WitchCityRope.Infrastructure.Tests/WitchCityRope.Infrastructure.Tests.csproj]
/home/chad/repos/witchcityrope/WitchCityRope/tests/WitchCityRope.Infrastructure.Tests/Data/ConcurrencyTests.cs(62,13): warning CS8602: Dereference of a possibly null reference. [/home/chad/repos/witchcityrope/WitchCityRope/tests/WitchCityRope.Infrastructure.Tests/WitchCityRope.Infrastructure.Tests.csproj]
/home/chad/repos/witchcityrope/WitchCityRope/tests/WitchCityRope.Infrastructure.Tests/Data/ConcurrencyTests.cs(63,13): warning CS8602: Dereference of a possibly null reference. [/home/chad/repos/witchcityrope/WitchCityRope/tests/WitchCityRope.Infrastructure.Tests/WitchCityRope.Infrastructure.Tests.csproj]
/home/chad/repos/witchcityrope/WitchCityRope/tests/WitchCityRope.Infrastructure.Tests/Data/ConcurrencyTests.cs(64,13): warning CS8602: Dereference of a possibly null reference. [/home/chad/repos/witchcityrope/WitchCityRope/tests/WitchCityRope.Infrastructure.Tests/WitchCityRope.Infrastructure.Tests.csproj]
/home/chad/repos/witchcityrope/WitchCityRope/tests/WitchCityRope.Infrastructure.Tests/Data/ConcurrencyTests.cs(65,13): warning CS8602: Dereference of a possibly null reference. [/home/chad/repos/witchcityrope/WitchCityRope/tests/WitchCityRope.Infrastructure.Tests/WitchCityRope.Infrastructure.Tests.csproj]
/home/chad/repos/witchcityrope/WitchCityRope/tests/WitchCityRope.Infrastructure.Tests/Data/EntityConfigurationTests.cs(56,46): warning CS8602: Dereference of a possibly null reference. [/home/chad/repos/witchcityrope/WitchCityRope/tests/WitchCityRope.Infrastructure.Tests/WitchCityRope.Infrastructure.Tests.csproj]
/home/chad/repos/witchcityrope/WitchCityRope/tests/WitchCityRope.Infrastructure.Tests/Data/EntityConfigurationTests.cs(58,13): warning CS8602: Dereference of a possibly null reference. [/home/chad/repos/witchcityrope/WitchCityRope/tests/WitchCityRope.Infrastructure.Tests/WitchCityRope.Infrastructure.Tests.csproj]
/home/chad/repos/witchcityrope/WitchCityRope/tests/WitchCityRope.Infrastructure.Tests/Data/EntityConfigurationTests.cs(59,13): warning CS8602: Dereference of a possibly null reference. [/home/chad/repos/witchcityrope/WitchCityRope/tests/WitchCityRope.Infrastructure.Tests/WitchCityRope.Infrastructure.Tests.csproj]
/home/chad/repos/witchcityrope/WitchCityRope/tests/WitchCityRope.Infrastructure.Tests/Data/EntityConfigurationTests.cs(60,13): warning CS8602: Dereference of a possibly null reference. [/home/chad/repos/witchcityrope/WitchCityRope/tests/WitchCityRope.Infrastructure.Tests/WitchCityRope.Infrastructure.Tests.csproj]
/home/chad/repos/witchcityrope/WitchCityRope/tests/WitchCityRope.Infrastructure.Tests/Data/EntityConfigurationTests.cs(61,13): warning CS8602: Dereference of a possibly null reference. [/home/chad/repos/witchcityrope/WitchCityRope/tests/WitchCityRope.Infrastructure.Tests/WitchCityRope.Infrastructure.Tests.csproj]
/home/chad/repos/witchcityrope/WitchCityRope/tests/WitchCityRope.Infrastructure.Tests/Data/EntityConfigurationTests.cs(62,13): warning CS8602: Dereference of a possibly null reference. [/home/chad/repos/witchcityrope/WitchCityRope/tests/WitchCityRope.Infrastructure.Tests/WitchCityRope.Infrastructure.Tests.csproj]
/home/chad/repos/witchcityrope/WitchCityRope/tests/WitchCityRope.Infrastructure.Tests/Data/EntityConfigurationTests.cs(63,13): warning CS8602: Dereference of a possibly null reference. [/home/chad/repos/witchcityrope/WitchCityRope/tests/WitchCityRope.Infrastructure.Tests/WitchCityRope.Infrastructure.Tests.csproj]
/home/chad/repos/witchcityrope/WitchCityRope/tests/WitchCityRope.Infrastructure.Tests/Data/EntityConfigurationTests.cs(77,51): warning CS8602: Dereference of a possibly null reference. [/home/chad/repos/witchcityrope/WitchCityRope/tests/WitchCityRope.Infrastructure.Tests/WitchCityRope.Infrastructure.Tests.csproj]
/home/chad/repos/witchcityrope/WitchCityRope/tests/WitchCityRope.Infrastructure.Tests/Data/EntityConfigurationTests.cs(79,13): warning CS8602: Dereference of a possibly null reference. [/home/chad/repos/witchcityrope/WitchCityRope/tests/WitchCityRope.Infrastructure.Tests/WitchCityRope.Infrastructure.Tests.csproj]
/home/chad/repos/witchcityrope/WitchCityRope/tests/WitchCityRope.Infrastructure.Tests/Data/EntityConfigurationTests.cs(80,13): warning CS8602: Dereference of a possibly null reference. [/home/chad/repos/witchcityrope/WitchCityRope/tests/WitchCityRope.Infrastructure.Tests/WitchCityRope.Infrastructure.Tests.csproj]
/home/chad/repos/witchcityrope/WitchCityRope/tests/WitchCityRope.Infrastructure.Tests/Data/EntityConfigurationTests.cs(81,13): warning CS8602: Dereference of a possibly null reference. [/home/chad/repos/witchcityrope/WitchCityRope/tests/WitchCityRope.Infrastructure.Tests/WitchCityRope.Infrastructure.Tests.csproj]
/home/chad/repos/witchcityrope/WitchCityRope/tests/WitchCityRope.Infrastructure.Tests/Data/EntityConfigurationTests.cs(82,13): warning CS8602: Dereference of a possibly null reference. [/home/chad/repos/witchcityrope/WitchCityRope/tests/WitchCityRope.Infrastructure.Tests/WitchCityRope.Infrastructure.Tests.csproj]
/home/chad/repos/witchcityrope/WitchCityRope/tests/WitchCityRope.Infrastructure.Tests/Data/EntityConfigurationTests.cs(83,13): warning CS8602: Dereference of a possibly null reference. [/home/chad/repos/witchcityrope/WitchCityRope/tests/WitchCityRope.Infrastructure.Tests/WitchCityRope.Infrastructure.Tests.csproj]
/home/chad/repos/witchcityrope/WitchCityRope/tests/WitchCityRope.Infrastructure.Tests/Data/EntityConfigurationTests.cs(84,13): warning CS8602: Dereference of a possibly null reference. [/home/chad/repos/witchcityrope/WitchCityRope/tests/WitchCityRope.Infrastructure.Tests/WitchCityRope.Infrastructure.Tests.csproj]
/home/chad/repos/witchcityrope/WitchCityRope/tests/WitchCityRope.Infrastructure.Tests/Data/EntityConfigurationTests.cs(85,13): warning CS8602: Dereference of a possibly null reference. [/home/chad/repos/witchcityrope/WitchCityRope/tests/WitchCityRope.Infrastructure.Tests/WitchCityRope.Infrastructure.Tests.csproj]
/home/chad/repos/witchcityrope/WitchCityRope/tests/WitchCityRope.Infrastructure.Tests/Data/ComplexQueryTests.cs(49,37): warning CS8602: Dereference of a possibly null reference. [/home/chad/repos/witchcityrope/WitchCityRope/tests/WitchCityRope.Infrastructure.Tests/WitchCityRope.Infrastructure.Tests.csproj]
/home/chad/repos/witchcityrope/WitchCityRope/tests/WitchCityRope.Infrastructure.Tests/Data/ComplexQueryTests.cs(53,17): warning CS8602: Dereference of a possibly null reference. [/home/chad/repos/witchcityrope/WitchCityRope/tests/WitchCityRope.Infrastructure.Tests/WitchCityRope.Infrastructure.Tests.csproj]
/home/chad/repos/witchcityrope/WitchCityRope/tests/WitchCityRope.Infrastructure.Tests/Data/ComplexQueryTests.cs(56,17): warning CS8602: Dereference of a possibly null reference. [/home/chad/repos/witchcityrope/WitchCityRope/tests/WitchCityRope.Infrastructure.Tests/WitchCityRope.Infrastructure.Tests.csproj]
/home/chad/repos/witchcityrope/WitchCityRope/tests/WitchCityRope.Infrastructure.Tests/Data/ComplexQueryTests.cs(59,17): warning CS8602: Dereference of a possibly null reference. [/home/chad/repos/witchcityrope/WitchCityRope/tests/WitchCityRope.Infrastructure.Tests/WitchCityRope.Infrastructure.Tests.csproj]
/home/chad/repos/witchcityrope/WitchCityRope/tests/WitchCityRope.Infrastructure.Tests/Data/ComplexQueryTests.cs(62,17): warning CS8602: Dereference of a possibly null reference. [/home/chad/repos/witchcityrope/WitchCityRope/tests/WitchCityRope.Infrastructure.Tests/WitchCityRope.Infrastructure.Tests.csproj]
/home/chad/repos/witchcityrope/WitchCityRope/tests/WitchCityRope.Infrastructure.Tests/Data/ComplexQueryTests.cs(65,17): warning CS8602: Dereference of a possibly null reference. [/home/chad/repos/witchcityrope/WitchCityRope/tests/WitchCityRope.Infrastructure.Tests/WitchCityRope.Infrastructure.Tests.csproj]
/home/chad/repos/witchcityrope/WitchCityRope/tests/WitchCityRope.Infrastructure.Tests/Data/ComplexQueryTests.cs(68,17): warning CS8602: Dereference of a possibly null reference. [/home/chad/repos/witchcityrope/WitchCityRope/tests/WitchCityRope.Infrastructure.Tests/WitchCityRope.Infrastructure.Tests.csproj]
/home/chad/repos/witchcityrope/WitchCityRope/tests/WitchCityRope.Infrastructure.Tests/Data/ComplexQueryTests.cs(71,17): warning CS8602: Dereference of a possibly null reference. [/home/chad/repos/witchcityrope/WitchCityRope/tests/WitchCityRope.Infrastructure.Tests/WitchCityRope.Infrastructure.Tests.csproj]
/home/chad/repos/witchcityrope/WitchCityRope/tests/WitchCityRope.Infrastructure.Tests/Data/ComplexQueryTests.cs(74,17): warning CS8602: Dereference of a possibly null reference. [/home/chad/repos/witchcityrope/WitchCityRope/tests/WitchCityRope.Infrastructure.Tests/WitchCityRope.Infrastructure.Tests.csproj]
/home/chad/repos/witchcityrope/WitchCityRope/tests/WitchCityRope.Infrastructure.Tests/Data/ComplexQueryTests.cs(77,17): warning CS8602: Dereference of a possibly null reference. [/home/chad/repos/witchcityrope/WitchCityRope/tests/WitchCityRope.Infrastructure.Tests/WitchCityRope.Infrastructure.Tests.csproj]
/home/chad/repos/witchcityrope/WitchCityRope/tests/WitchCityRope.Infrastructure.Tests/Data/ComplexQueryTests.cs(80,17): warning CS8602: Dereference of a possibly null reference. [/home/chad/repos/witchcityrope/WitchCityRope/tests/WitchCityRope.Infrastructure.Tests/WitchCityRope.Infrastructure.Tests.csproj]
/home/chad/repos/witchcityrope/WitchCityRope/tests/WitchCityRope.Infrastructure.Tests/Data/ComplexQueryTests.cs(83,17): warning CS8602: Dereference of a possibly null reference. [/home/chad/repos/witchcityrope/WitchCityRope/tests/WitchCityRope.Infrastructure.Tests/WitchCityRope.Infrastructure.Tests.csproj]
/home/chad/repos/witchcityrope/WitchCityRope/tests/WitchCityRope.Infrastructure.Tests/Data/ComplexQueryTests.cs(103,54): warning CS8602: Dereference of a possibly null reference. [/home/chad/repos/witchcityrope/WitchCityRope/tests/WitchCityRope.Infrastructure.Tests/WitchCityRope.Infrastructure.Tests.csproj]
/home/chad/repos/witchcityrope/WitchCityRope/tests/WitchCityRope.Infrastructure.Tests/Data/ComplexQueryTests.cs(106,21): warning CS8602: Dereference of a possibly null reference. [/home/chad/repos/witchcityrope/WitchCityRope/tests/WitchCityRope.Infrastructure.Tests/WitchCityRope.Infrastructure.Tests.csproj]
/home/chad/repos/witchcityrope/WitchCityRope/tests/WitchCityRope.Infrastructure.Tests/Data/ComplexQueryTests.cs(109,21): warning CS8602: Dereference of a possibly null reference. [/home/chad/repos/witchcityrope/WitchCityRope/tests/WitchCityRope.Infrastructure.Tests/WitchCityRope.Infrastructure.Tests.csproj]
/home/chad/repos/witchcityrope/WitchCityRope/tests/WitchCityRope.Infrastructure.Tests/Data/ComplexQueryTests.cs(112,21): warning CS8602: Dereference of a possibly null reference. [/home/chad/repos/witchcityrope/WitchCityRope/tests/WitchCityRope.Infrastructure.Tests/WitchCityRope.Infrastructure.Tests.csproj]
/home/chad/repos/witchcityrope/WitchCityRope/tests/WitchCityRope.Infrastructure.Tests/Data/ComplexQueryTests.cs(115,21): warning CS8602: Dereference of a possibly null reference. [/home/chad/repos/witchcityrope/WitchCityRope/tests/WitchCityRope.Infrastructure.Tests/WitchCityRope.Infrastructure.Tests.csproj]
/home/chad/repos/witchcityrope/WitchCityRope/tests/WitchCityRope.Infrastructure.Tests/Data/ComplexQueryTests.cs(118,21): warning CS8602: Dereference of a possibly null reference. [/home/chad/repos/witchcityrope/WitchCityRope/tests/WitchCityRope.Infrastructure.Tests/WitchCityRope.Infrastructure.Tests.csproj]
/home/chad/repos/witchcityrope/WitchCityRope/tests/WitchCityRope.Infrastructure.Tests/Data/ComplexQueryTests.cs(121,21): warning CS8602: Dereference of a possibly null reference. [/home/chad/repos/witchcityrope/WitchCityRope/tests/WitchCityRope.Infrastructure.Tests/WitchCityRope.Infrastructure.Tests.csproj]
/home/chad/repos/witchcityrope/WitchCityRope/tests/WitchCityRope.Infrastructure.Tests/Data/ConcurrencyTests.cs(79,51): warning CS8602: Dereference of a possibly null reference. [/home/chad/repos/witchcityrope/WitchCityRope/tests/WitchCityRope.Infrastructure.Tests/WitchCityRope.Infrastructure.Tests.csproj]
/home/chad/repos/witchcityrope/WitchCityRope/tests/WitchCityRope.Infrastructure.Tests/Data/ConcurrencyTests.cs(81,13): warning CS8602: Dereference of a possibly null reference. [/home/chad/repos/witchcityrope/WitchCityRope/tests/WitchCityRope.Infrastructure.Tests/WitchCityRope.Infrastructure.Tests.csproj]
/home/chad/repos/witchcityrope/WitchCityRope/tests/WitchCityRope.Infrastructure.Tests/Data/ConcurrencyTests.cs(82,13): warning CS8602: Dereference of a possibly null reference. [/home/chad/repos/witchcityrope/WitchCityRope/tests/WitchCityRope.Infrastructure.Tests/WitchCityRope.Infrastructure.Tests.csproj]
/home/chad/repos/witchcityrope/WitchCityRope/tests/WitchCityRope.Infrastructure.Tests/Data/ConcurrencyTests.cs(83,13): warning CS8602: Dereference of a possibly null reference. [/home/chad/repos/witchcityrope/WitchCityRope/tests/WitchCityRope.Infrastructure.Tests/WitchCityRope.Infrastructure.Tests.csproj]
/home/chad/repos/witchcityrope/WitchCityRope/tests/WitchCityRope.Infrastructure.Tests/Data/ConcurrencyTests.cs(84,13): warning CS8602: Dereference of a possibly null reference. [/home/chad/repos/witchcityrope/WitchCityRope/tests/WitchCityRope.Infrastructure.Tests/WitchCityRope.Infrastructure.Tests.csproj]
/home/chad/repos/witchcityrope/WitchCityRope/tests/WitchCityRope.Infrastructure.Tests/Data/ConcurrencyTests.cs(85,13): warning CS8602: Dereference of a possibly null reference. [/home/chad/repos/witchcityrope/WitchCityRope/tests/WitchCityRope.Infrastructure.Tests/WitchCityRope.Infrastructure.Tests.csproj]
/home/chad/repos/witchcityrope/WitchCityRope/tests/WitchCityRope.Infrastructure.Tests/Data/ConcurrencyTests.cs(86,13): warning CS8602: Dereference of a possibly null reference. [/home/chad/repos/witchcityrope/WitchCityRope/tests/WitchCityRope.Infrastructure.Tests/WitchCityRope.Infrastructure.Tests.csproj]
/home/chad/repos/witchcityrope/WitchCityRope/tests/WitchCityRope.Infrastructure.Tests/Data/ConcurrencyTests.cs(87,13): warning CS8602: Dereference of a possibly null reference. [/home/chad/repos/witchcityrope/WitchCityRope/tests/WitchCityRope.Infrastructure.Tests/WitchCityRope.Infrastructure.Tests.csproj]
/home/chad/repos/witchcityrope/WitchCityRope/tests/WitchCityRope.Infrastructure.Tests/PayPal/PayPalServiceTests.cs(75,67): error CS1503: Argument 1: cannot convert from 'WitchCityRope.Core.Entities.Ticket' to 'WitchCityRope.Core.Entities.Registration' [/home/chad/repos/witchcityrope/WitchCityRope/tests/WitchCityRope.Infrastructure.Tests/WitchCityRope.Infrastructure.Tests.csproj]
/home/chad/repos/witchcityrope/WitchCityRope/tests/WitchCityRope.Infrastructure.Tests/Data/ConcurrencyTests.cs(101,41): warning CS8602: Dereference of a possibly null reference. [/home/chad/repos/witchcityrope/WitchCityRope/tests/WitchCityRope.Infrastructure.Tests/WitchCityRope.Infrastructure.Tests.csproj]
/home/chad/repos/witchcityrope/WitchCityRope/tests/WitchCityRope.Infrastructure.Tests/Data/ConcurrencyTests.cs(103,13): warning CS8602: Dereference of a possibly null reference. [/home/chad/repos/witchcityrope/WitchCityRope/tests/WitchCityRope.Infrastructure.Tests/WitchCityRope.Infrastructure.Tests.csproj]
/home/chad/repos/witchcityrope/WitchCityRope/tests/WitchCityRope.Infrastructure.Tests/Data/ConcurrencyTests.cs(104,13): warning CS8602: Dereference of a possibly null reference. [/home/chad/repos/witchcityrope/WitchCityRope/tests/WitchCityRope.Infrastructure.Tests/WitchCityRope.Infrastructure.Tests.csproj]
/home/chad/repos/witchcityrope/WitchCityRope/tests/WitchCityRope.Infrastructure.Tests/Data/ConcurrencyTests.cs(105,13): warning CS8602: Dereference of a possibly null reference. [/home/chad/repos/witchcityrope/WitchCityRope/tests/WitchCityRope.Infrastructure.Tests/WitchCityRope.Infrastructure.Tests.csproj]
/home/chad/repos/witchcityrope/WitchCityRope/tests/WitchCityRope.Infrastructure.Tests/Data/ConcurrencyTests.cs(106,13): warning CS8602: Dereference of a possibly null reference. [/home/chad/repos/witchcityrope/WitchCityRope/tests/WitchCityRope.Infrastructure.Tests/WitchCityRope.Infrastructure.Tests.csproj]
/home/chad/repos/witchcityrope/WitchCityRope/tests/WitchCityRope.Infrastructure.Tests/Data/ConcurrencyTests.cs(107,13): warning CS8602: Dereference of a possibly null reference. [/home/chad/repos/witchcityrope/WitchCityRope/tests/WitchCityRope.Infrastructure.Tests/WitchCityRope.Infrastructure.Tests.csproj]
/home/chad/repos/witchcityrope/WitchCityRope/tests/WitchCityRope.Infrastructure.Tests/PayPal/PayPalServiceTests.cs(105,67): error CS1503: Argument 1: cannot convert from 'WitchCityRope.Core.Entities.Ticket' to 'WitchCityRope.Core.Entities.Registration' [/home/chad/repos/witchcityrope/WitchCityRope/tests/WitchCityRope.Infrastructure.Tests/WitchCityRope.Infrastructure.Tests.csproj]
/home/chad/repos/witchcityrope/WitchCityRope/tests/WitchCityRope.Infrastructure.Tests/Data/EntityConfigurationTests.cs(99,41): warning CS8602: Dereference of a possibly null reference. [/home/chad/repos/witchcityrope/WitchCityRope/tests/WitchCityRope.Infrastructure.Tests/WitchCityRope.Infrastructure.Tests.csproj]
/home/chad/repos/witchcityrope/WitchCityRope/tests/WitchCityRope.Infrastructure.Tests/Data/EntityConfigurationTests.cs(101,13): warning CS8602: Dereference of a possibly null reference. [/home/chad/repos/witchcityrope/WitchCityRope/tests/WitchCityRope.Infrastructure.Tests/WitchCityRope.Infrastructure.Tests.csproj]
/home/chad/repos/witchcityrope/WitchCityRope/tests/WitchCityRope.Infrastructure.Tests/Data/EntityConfigurationTests.cs(102,13): warning CS8602: Dereference of a possibly null reference. [/home/chad/repos/witchcityrope/WitchCityRope/tests/WitchCityRope.Infrastructure.Tests/WitchCityRope.Infrastructure.Tests.csproj]
/home/chad/repos/witchcityrope/WitchCityRope/tests/WitchCityRope.Infrastructure.Tests/Data/EntityConfigurationTests.cs(103,13): warning CS8602: Dereference of a possibly null reference. [/home/chad/repos/witchcityrope/WitchCityRope/tests/WitchCityRope.Infrastructure.Tests/WitchCityRope.Infrastructure.Tests.csproj]
/home/chad/repos/witchcityrope/WitchCityRope/tests/WitchCityRope.Infrastructure.Tests/Data/EntityConfigurationTests.cs(104,13): warning CS8602: Dereference of a possibly null reference. [/home/chad/repos/witchcityrope/WitchCityRope/tests/WitchCityRope.Infrastructure.Tests/WitchCityRope.Infrastructure.Tests.csproj]
/home/chad/repos/witchcityrope/WitchCityRope/tests/WitchCityRope.Infrastructure.Tests/Data/EntityConfigurationTests.cs(105,13): warning CS8602: Dereference of a possibly null reference. [/home/chad/repos/witchcityrope/WitchCityRope/tests/WitchCityRope.Infrastructure.Tests/WitchCityRope.Infrastructure.Tests.csproj]
/home/chad/repos/witchcityrope/WitchCityRope/tests/WitchCityRope.Infrastructure.Tests/PayPal/PayPalServiceTests.cs(211,17): error CS0117: 'PaymentMetadata' does not contain a definition for 'TicketId' [/home/chad/repos/witchcityrope/WitchCityRope/tests/WitchCityRope.Infrastructure.Tests/WitchCityRope.Infrastructure.Tests.csproj]
/home/chad/repos/witchcityrope/WitchCityRope/tests/WitchCityRope.Infrastructure.Tests/Data/EntityConfigurationTests.cs(172,13): warning CS0162: Unreachable code detected [/home/chad/repos/witchcityrope/WitchCityRope/tests/WitchCityRope.Infrastructure.Tests/WitchCityRope.Infrastructure.Tests.csproj]
/home/chad/repos/witchcityrope/WitchCityRope/tests/WitchCityRope.Infrastructure.Tests/Data/ConcurrencyTests.cs(237,39): warning CS0618: 'PaymentBuilder.WithRegistration(Registration)' is obsolete: 'Use WithTicket instead. Registration is being phased out.' [/home/chad/repos/witchcityrope/WitchCityRope/tests/WitchCityRope.Infrastructure.Tests/WitchCityRope.Infrastructure.Tests.csproj]
/home/chad/repos/witchcityrope/WitchCityRope/tests/WitchCityRope.Infrastructure.Tests/Data/ConcurrencyTests.cs(265,52): warning CS0618: 'Payment.RegistrationId' is obsolete: 'Use TicketId instead. Registration is being phased out.' [/home/chad/repos/witchcityrope/WitchCityRope/tests/WitchCityRope.Infrastructure.Tests/WitchCityRope.Infrastructure.Tests.csproj]
/home/chad/repos/witchcityrope/WitchCityRope/tests/WitchCityRope.Infrastructure.Tests/Data/EntityConfigurationTests.cs(266,27): warning CS8625: Cannot convert null literal to non-nullable reference type. [/home/chad/repos/witchcityrope/WitchCityRope/tests/WitchCityRope.Infrastructure.Tests/WitchCityRope.Infrastructure.Tests.csproj]
/home/chad/repos/witchcityrope/WitchCityRope/tests/WitchCityRope.Infrastructure.Tests/Data/EntityConfigurationTests.cs(345,13): warning CS8602: Dereference of a possibly null reference. [/home/chad/repos/witchcityrope/WitchCityRope/tests/WitchCityRope.Infrastructure.Tests/WitchCityRope.Infrastructure.Tests.csproj]
/home/chad/repos/witchcityrope/WitchCityRope/tests/WitchCityRope.Infrastructure.Tests/Data/MigrationTests.cs(207,18): warning EF1002: Method 'SqlQueryRaw' inserts interpolated strings directly into the SQL, without any protection against SQL injection. Consider using 'SqlQuery' instead, which protects against SQL injection, or make sure that the value is sanitized and suppress the warning. [/home/chad/repos/witchcityrope/WitchCityRope/tests/WitchCityRope.Infrastructure.Tests/WitchCityRope.Infrastructure.Tests.csproj]
  WitchCityRope.IntegrationTests -> /home/chad/repos/witchcityrope/WitchCityRope/tests/WitchCityRope.IntegrationTests/bin/Debug/net9.0/WitchCityRope.IntegrationTests.dll
/home/chad/repos/witchcityrope/WitchCityRope/tests/WitchCityRope.E2E.Tests/PlaywrightSetup.cs(13,32): error CS0117: 'Program' does not contain a definition for 'Main' [/home/chad/repos/witchcityrope/WitchCityRope/tests/WitchCityRope.E2E.Tests/WitchCityRope.E2E.Tests.csproj]
/home/chad/repos/witchcityrope/WitchCityRope/tests/WitchCityRope.E2E.Tests/Fixtures/DatabaseFixture.cs(38,30): error CS0029: Cannot implicitly convert type 'string[]' to 'Respawn.Graph.Table[]' [/home/chad/repos/witchcityrope/WitchCityRope/tests/WitchCityRope.E2E.Tests/WitchCityRope.E2E.Tests.csproj]
/home/chad/repos/witchcityrope/WitchCityRope/tests/WitchCityRope.E2E.Tests/PageObjects/BasePage.cs(30,29): warning CS1998: This async method lacks 'await' operators and will run synchronously. Consider using the 'await' operator to await non-blocking API calls, or 'await Task.Run(...)' to do CPU-bound work on a background thread. [/home/chad/repos/witchcityrope/WitchCityRope/tests/WitchCityRope.E2E.Tests/WitchCityRope.E2E.Tests.csproj]
/home/chad/repos/witchcityrope/WitchCityRope/tests/WitchCityRope.E2E.Tests/Fixtures/TestDataManager.cs(40,13): error CS0200: Property or indexer 'WitchCityRopeUser.EncryptedLegalName' cannot be assigned to -- it is read only [/home/chad/repos/witchcityrope/WitchCityRope/tests/WitchCityRope.E2E.Tests/WitchCityRope.E2E.Tests.csproj]
/home/chad/repos/witchcityrope/WitchCityRope/tests/WitchCityRope.E2E.Tests/Fixtures/TestDataManager.cs(41,13): error CS0200: Property or indexer 'WitchCityRopeUser.SceneNameValue' cannot be assigned to -- it is read only [/home/chad/repos/witchcityrope/WitchCityRope/tests/WitchCityRope.E2E.Tests/WitchCityRope.E2E.Tests.csproj]
/home/chad/repos/witchcityrope/WitchCityRope/tests/WitchCityRope.E2E.Tests/Fixtures/TestDataManager.cs(42,13): error CS0200: Property or indexer 'WitchCityRopeUser.SceneName' cannot be assigned to -- it is read only [/home/chad/repos/witchcityrope/WitchCityRope/tests/WitchCityRope.E2E.Tests/WitchCityRope.E2E.Tests.csproj]
/home/chad/repos/witchcityrope/WitchCityRope/tests/WitchCityRope.E2E.Tests/Fixtures/TestDataManager.cs(47,13): error CS0200: Property or indexer 'WitchCityRopeUser.EmailAddress' cannot be assigned to -- it is read only [/home/chad/repos/witchcityrope/WitchCityRope/tests/WitchCityRope.E2E.Tests/WitchCityRope.E2E.Tests.csproj]
/home/chad/repos/witchcityrope/WitchCityRope/tests/WitchCityRope.E2E.Tests/Fixtures/TestDataManager.cs(48,13): error CS0200: Property or indexer 'WitchCityRopeUser.DateOfBirth' cannot be assigned to -- it is read only [/home/chad/repos/witchcityrope/WitchCityRope/tests/WitchCityRope.E2E.Tests/WitchCityRope.E2E.Tests.csproj]
/home/chad/repos/witchcityrope/WitchCityRope/tests/WitchCityRope.E2E.Tests/Fixtures/TestDataManager.cs(49,13): error CS0200: Property or indexer 'WitchCityRopeUser.Role' cannot be assigned to -- it is read only [/home/chad/repos/witchcityrope/WitchCityRope/tests/WitchCityRope.E2E.Tests/WitchCityRope.E2E.Tests.csproj]
/home/chad/repos/witchcityrope/WitchCityRope/tests/WitchCityRope.E2E.Tests/Fixtures/TestDataManager.cs(50,13): error CS0117: 'WitchCityRopeUser' does not contain a definition for 'Roles' [/home/chad/repos/witchcityrope/WitchCityRope/tests/WitchCityRope.E2E.Tests/WitchCityRope.E2E.Tests.csproj]
/home/chad/repos/witchcityrope/WitchCityRope/tests/WitchCityRope.E2E.Tests/Fixtures/TestDataManager.cs(51,13): error CS0200: Property or indexer 'WitchCityRopeUser.IsActive' cannot be assigned to -- it is read only [/home/chad/repos/witchcityrope/WitchCityRope/tests/WitchCityRope.E2E.Tests/WitchCityRope.E2E.Tests.csproj]
/home/chad/repos/witchcityrope/WitchCityRope/tests/WitchCityRope.E2E.Tests/Fixtures/TestDataManager.cs(53,13): error CS0200: Property or indexer 'WitchCityRopeUser.CreatedAt' cannot be assigned to -- it is read only [/home/chad/repos/witchcityrope/WitchCityRope/tests/WitchCityRope.E2E.Tests/WitchCityRope.E2E.Tests.csproj]
/home/chad/repos/witchcityrope/WitchCityRope/tests/WitchCityRope.E2E.Tests/Fixtures/TestDataManager.cs(54,13): error CS0200: Property or indexer 'WitchCityRopeUser.UpdatedAt' cannot be assigned to -- it is read only [/home/chad/repos/witchcityrope/WitchCityRope/tests/WitchCityRope.E2E.Tests/WitchCityRope.E2E.Tests.csproj]
/home/chad/repos/witchcityrope/WitchCityRope/tests/WitchCityRope.E2E.Tests/Fixtures/TestDataManager.cs(105,48): error CS1503: Argument 1: cannot convert from 'string' to 'decimal' [/home/chad/repos/witchcityrope/WitchCityRope/tests/WitchCityRope.E2E.Tests/WitchCityRope.E2E.Tests.csproj]
/home/chad/repos/witchcityrope/WitchCityRope/tests/WitchCityRope.E2E.Tests/Fixtures/TestDataManager.cs(105,55): error CS1503: Argument 2: cannot convert from 'decimal' to 'string' [/home/chad/repos/witchcityrope/WitchCityRope/tests/WitchCityRope.E2E.Tests/WitchCityRope.E2E.Tests.csproj]
/home/chad/repos/witchcityrope/WitchCityRope/tests/WitchCityRope.E2E.Tests/Fixtures/TestDataManager.cs(121,33): error CS1061: 'Event' does not contain a definition for 'Price' and no accessible extension method 'Price' accepting a first argument of type 'Event' could be found (are you missing a using directive or an assembly reference?) [/home/chad/repos/witchcityrope/WitchCityRope/tests/WitchCityRope.E2E.Tests/WitchCityRope.E2E.Tests.csproj]
/home/chad/repos/witchcityrope/WitchCityRope/tests/WitchCityRope.E2E.Tests/Tests/Authentication/TwoFactorAuthTests.cs(38,37): warning CS8602: Dereference of a possibly null reference. [/home/chad/repos/witchcityrope/WitchCityRope/tests/WitchCityRope.E2E.Tests/WitchCityRope.E2E.Tests.csproj]
/home/chad/repos/witchcityrope/WitchCityRope/tests/WitchCityRope.E2E.Tests/Tests/UserJourneys/UserRegistrationFlowTests.cs(50,57): error CS1503: Argument 2: cannot convert from 'System.StringComparison' to 'string' [/home/chad/repos/witchcityrope/WitchCityRope/tests/WitchCityRope.E2E.Tests/WitchCityRope.E2E.Tests.csproj]
/home/chad/repos/witchcityrope/WitchCityRope/tests/WitchCityRope.E2E.Tests/Tests/UserJourneys/VettingApplicationFlowTests.cs(61,56): error CS1503: Argument 2: cannot convert from 'System.StringComparison' to 'string' [/home/chad/repos/witchcityrope/WitchCityRope/tests/WitchCityRope.E2E.Tests/WitchCityRope.E2E.Tests.csproj]
/home/chad/repos/witchcityrope/WitchCityRope/tests/WitchCityRope.E2E.Tests/Tests/UserJourneys/VettingApplicationFlowTests.cs(62,54): error CS1503: Argument 2: cannot convert from 'System.StringComparison' to 'string' [/home/chad/repos/witchcityrope/WitchCityRope/tests/WitchCityRope.E2E.Tests/WitchCityRope.E2E.Tests.csproj]
/home/chad/repos/witchcityrope/WitchCityRope/tests/WitchCityRope.E2E.Tests/Fixtures/TestDataManager.cs(138,29): error CS1503: Argument 1: cannot convert from 'string' to 'decimal' [/home/chad/repos/witchcityrope/WitchCityRope/tests/WitchCityRope.E2E.Tests/WitchCityRope.E2E.Tests.csproj]
/home/chad/repos/witchcityrope/WitchCityRope/tests/WitchCityRope.E2E.Tests/Fixtures/TestDataManager.cs(138,36): error CS1503: Argument 2: cannot convert from 'int' to 'string' [/home/chad/repos/witchcityrope/WitchCityRope/tests/WitchCityRope.E2E.Tests/WitchCityRope.E2E.Tests.csproj]
/home/chad/repos/witchcityrope/WitchCityRope/tests/WitchCityRope.E2E.Tests/PageObjects/Events/EventListPage.cs(48,31): warning CS8602: Dereference of a possibly null reference. [/home/chad/repos/witchcityrope/WitchCityRope/tests/WitchCityRope.E2E.Tests/WitchCityRope.E2E.Tests.csproj]
/home/chad/repos/witchcityrope/WitchCityRope/tests/WitchCityRope.E2E.Tests/PageObjects/Events/EventListPage.cs(49,30): warning CS8602: Dereference of a possibly null reference. [/home/chad/repos/witchcityrope/WitchCityRope/tests/WitchCityRope.E2E.Tests/WitchCityRope.E2E.Tests.csproj]
/home/chad/repos/witchcityrope/WitchCityRope/tests/WitchCityRope.E2E.Tests/PageObjects/Events/EventListPage.cs(50,31): warning CS8602: Dereference of a possibly null reference. [/home/chad/repos/witchcityrope/WitchCityRope/tests/WitchCityRope.E2E.Tests/WitchCityRope.E2E.Tests.csproj]
/home/chad/repos/witchcityrope/WitchCityRope/tests/WitchCityRope.E2E.Tests/PageObjects/Events/EventListPage.cs(51,34): warning CS8602: Dereference of a possibly null reference. [/home/chad/repos/witchcityrope/WitchCityRope/tests/WitchCityRope.E2E.Tests/WitchCityRope.E2E.Tests.csproj]
/home/chad/repos/witchcityrope/WitchCityRope/tests/WitchCityRope.E2E.Tests/Tests/UserJourneys/EventRegistrationFlowTests.cs(141,61): error CS1503: Argument 2: cannot convert from 'System.StringComparison' to 'string' [/home/chad/repos/witchcityrope/WitchCityRope/tests/WitchCityRope.E2E.Tests/WitchCityRope.E2E.Tests.csproj]
/home/chad/repos/witchcityrope/WitchCityRope/tests/WitchCityRope.E2E.Tests/PageObjects/Events/EventListPage.cs(83,19): warning CS8602: Dereference of a possibly null reference. [/home/chad/repos/witchcityrope/WitchCityRope/tests/WitchCityRope.E2E.Tests/WitchCityRope.E2E.Tests.csproj]
/home/chad/repos/witchcityrope/WitchCityRope/tests/WitchCityRope.E2E.Tests/PageObjects/Members/DashboardPage.cs(69,30): warning CS8602: Dereference of a possibly null reference. [/home/chad/repos/witchcityrope/WitchCityRope/tests/WitchCityRope.E2E.Tests/WitchCityRope.E2E.Tests.csproj]
/home/chad/repos/witchcityrope/WitchCityRope/tests/WitchCityRope.E2E.Tests/Tests/UserJourneys/VettingApplicationFlowTests.cs(137,52): error CS1503: Argument 2: cannot convert from 'System.StringComparison' to 'string' [/home/chad/repos/witchcityrope/WitchCityRope/tests/WitchCityRope.E2E.Tests/WitchCityRope.E2E.Tests.csproj]
/home/chad/repos/witchcityrope/WitchCityRope/tests/WitchCityRope.E2E.Tests/Tests/UserJourneys/VettingApplicationFlowTests.cs(148,58): error CS1503: Argument 2: cannot convert from 'System.StringComparison' to 'string' [/home/chad/repos/witchcityrope/WitchCityRope/tests/WitchCityRope.E2E.Tests/WitchCityRope.E2E.Tests.csproj]
/home/chad/repos/witchcityrope/WitchCityRope/tests/WitchCityRope.E2E.Tests/PageObjects/Events/EventListPage.cs(93,19): warning CS8602: Dereference of a possibly null reference. [/home/chad/repos/witchcityrope/WitchCityRope/tests/WitchCityRope.E2E.Tests/WitchCityRope.E2E.Tests.csproj]
/home/chad/repos/witchcityrope/WitchCityRope/tests/WitchCityRope.E2E.Tests/PageObjects/Members/ProfilePage.cs(149,29): warning CS8602: Dereference of a possibly null reference. [/home/chad/repos/witchcityrope/WitchCityRope/tests/WitchCityRope.E2E.Tests/WitchCityRope.E2E.Tests.csproj]
/home/chad/repos/witchcityrope/WitchCityRope/tests/WitchCityRope.E2E.Tests/PageObjects/Members/ProfilePage.cs(152,35): warning CS8602: Dereference of a possibly null reference. [/home/chad/repos/witchcityrope/WitchCityRope/tests/WitchCityRope.E2E.Tests/WitchCityRope.E2E.Tests.csproj]
/home/chad/repos/witchcityrope/WitchCityRope/tests/WitchCityRope.E2E.Tests/PageObjects/Events/EventListPage.cs(117,26): warning CS8602: Dereference of a possibly null reference. [/home/chad/repos/witchcityrope/WitchCityRope/tests/WitchCityRope.E2E.Tests/WitchCityRope.E2E.Tests.csproj]
/home/chad/repos/witchcityrope/WitchCityRope/tests/WitchCityRope.E2E.Tests/Tests/Authentication/TwoFactorAuthTests.cs(121,43): error CS1503: Argument 1: cannot convert from 'string[]' to 'string' [/home/chad/repos/witchcityrope/WitchCityRope/tests/WitchCityRope.E2E.Tests/WitchCityRope.E2E.Tests.csproj]
/home/chad/repos/witchcityrope/WitchCityRope/tests/WitchCityRope.E2E.Tests/Tests/Authentication/TwoFactorAuthTests.cs(122,17): error CS1503: Argument 2: cannot convert from 'System.StringComparison' to 'string' [/home/chad/repos/witchcityrope/WitchCityRope/tests/WitchCityRope.E2E.Tests/WitchCityRope.E2E.Tests.csproj]
/home/chad/repos/witchcityrope/WitchCityRope/tests/WitchCityRope.E2E.Tests/PageObjects/Events/EventDetailPage.cs(91,15): warning CS8602: Dereference of a possibly null reference. [/home/chad/repos/witchcityrope/WitchCityRope/tests/WitchCityRope.E2E.Tests/WitchCityRope.E2E.Tests.csproj]
/home/chad/repos/witchcityrope/WitchCityRope/tests/WitchCityRope.E2E.Tests/PageObjects/Members/DashboardPage.cs(179,15): warning CS8602: Dereference of a possibly null reference. [/home/chad/repos/witchcityrope/WitchCityRope/tests/WitchCityRope.E2E.Tests/WitchCityRope.E2E.Tests.csproj]
/home/chad/repos/witchcityrope/WitchCityRope/tests/WitchCityRope.E2E.Tests/Tests/Authentication/AuthenticationFlowTests.cs(74,39): error CS1503: Argument 1: cannot convert from 'string[]' to 'string' [/home/chad/repos/witchcityrope/WitchCityRope/tests/WitchCityRope.E2E.Tests/WitchCityRope.E2E.Tests.csproj]
/home/chad/repos/witchcityrope/WitchCityRope/tests/WitchCityRope.E2E.Tests/Tests/Authentication/AuthenticationFlowTests.cs(75,13): error CS1503: Argument 2: cannot convert from 'System.StringComparison' to 'string' [/home/chad/repos/witchcityrope/WitchCityRope/tests/WitchCityRope.E2E.Tests/WitchCityRope.E2E.Tests.csproj]
/home/chad/repos/witchcityrope/WitchCityRope/tests/WitchCityRope.E2E.Tests/Tests/Authentication/AuthenticationFlowTests.cs(166,41): error CS1503: Argument 1: cannot convert from 'string[]' to 'string' [/home/chad/repos/witchcityrope/WitchCityRope/tests/WitchCityRope.E2E.Tests/WitchCityRope.E2E.Tests.csproj]
/home/chad/repos/witchcityrope/WitchCityRope/tests/WitchCityRope.E2E.Tests/Tests/Authentication/AuthenticationFlowTests.cs(167,13): error CS1503: Argument 2: cannot convert from 'System.StringComparison' to 'string' [/home/chad/repos/witchcityrope/WitchCityRope/tests/WitchCityRope.E2E.Tests/WitchCityRope.E2E.Tests.csproj]
/home/chad/repos/witchcityrope/WitchCityRope/tests/WitchCityRope.E2E.Tests/Tests/Authentication/AuthenticationFlowTests.cs(204,38): error CS1503: Argument 1: cannot convert from 'string[]' to 'string' [/home/chad/repos/witchcityrope/WitchCityRope/tests/WitchCityRope.E2E.Tests/WitchCityRope.E2E.Tests.csproj]
/home/chad/repos/witchcityrope/WitchCityRope/tests/WitchCityRope.E2E.Tests/Tests/Authentication/AuthenticationFlowTests.cs(205,17): error CS1503: Argument 2: cannot convert from 'System.StringComparison' to 'string' [/home/chad/repos/witchcityrope/WitchCityRope/tests/WitchCityRope.E2E.Tests/WitchCityRope.E2E.Tests.csproj]
/home/chad/repos/witchcityrope/WitchCityRope/tests/WitchCityRope.Api.Tests/Services/AuthServiceTests.cs(436,54): error CS0234: The type or namespace name 'UserWithAuth' does not exist in the namespace 'WitchCityRope.Api.Features.Auth.Services' (are you missing an assembly reference?) [/home/chad/repos/witchcityrope/WitchCityRope/tests/WitchCityRope.Api.Tests/WitchCityRope.Api.Tests.csproj]
/home/chad/repos/witchcityrope/WitchCityRope/tests/WitchCityRope.Api.Tests/Features/Auth/LoginCommandTests.cs(132,80): error CS0234: The type or namespace name 'UserWithAuth' does not exist in the namespace 'WitchCityRope.Api.Features.Auth.Services' (are you missing an assembly reference?) [/home/chad/repos/witchcityrope/WitchCityRope/tests/WitchCityRope.Api.Tests/WitchCityRope.Api.Tests.csproj]
/home/chad/repos/witchcityrope/WitchCityRope/tests/WitchCityRope.Api.Tests/Features/Auth/LoginCommandTests.cs(132,16): error CS0246: The type or namespace name 'JwtToken' could not be found (are you missing a using directive or an assembly reference?) [/home/chad/repos/witchcityrope/WitchCityRope/tests/WitchCityRope.Api.Tests/WitchCityRope.Api.Tests.csproj]
/home/chad/repos/witchcityrope/WitchCityRope/tests/WitchCityRope.Api.Tests/Features/Auth/LoginCommandTests.cs(130,37): error CS0535: 'MockTokenService' does not implement interface member 'IJwtService.GenerateToken(UserWithAuth)' [/home/chad/repos/witchcityrope/WitchCityRope/tests/WitchCityRope.Api.Tests/WitchCityRope.Api.Tests.csproj]
/home/chad/repos/witchcityrope/WitchCityRope/tests/WitchCityRope.Web.Tests/Helpers/AuthenticationTestContext.cs(24,30): warning CS8625: Cannot convert null literal to non-nullable reference type. [/home/chad/repos/witchcityrope/WitchCityRope/tests/WitchCityRope.Web.Tests/WitchCityRope.Web.Tests.csproj]
/home/chad/repos/witchcityrope/WitchCityRope/tests/WitchCityRope.Web.Tests/Helpers/ServiceMockHelpers.cs(17,95): warning CS8625: Cannot convert null literal to non-nullable reference type. [/home/chad/repos/witchcityrope/WitchCityRope/tests/WitchCityRope.Web.Tests/WitchCityRope.Web.Tests.csproj]
/home/chad/repos/witchcityrope/WitchCityRope/tests/WitchCityRope.Web.Tests/Helpers/TestBase.cs(64,46): warning CS0114: 'TestBase.RenderComponent<TComponent>(params ComponentParameter[])' hides inherited member 'TestContext.RenderComponent<TComponent>(params ComponentParameter[])'. To make the current member override that implementation, add the override keyword. Otherwise add the new keyword. [/home/chad/repos/witchcityrope/WitchCityRope/tests/WitchCityRope.Web.Tests/WitchCityRope.Web.Tests.csproj]
/home/chad/repos/witchcityrope/WitchCityRope/tests/WitchCityRope.Web.Tests/Helpers/ComponentTestBase.cs(26,19): warning CS8618: Non-nullable property 'NavigationManagerMock' must contain a non-null value when exiting constructor. Consider adding the 'required' modifier or declaring the property as nullable. [/home/chad/repos/witchcityrope/WitchCityRope/tests/WitchCityRope.Web.Tests/WitchCityRope.Web.Tests.csproj]
/home/chad/repos/witchcityrope/WitchCityRope/tests/WitchCityRope.Web.Tests/Helpers/ComponentTestBase.cs(26,19): warning CS8618: Non-nullable property 'JSRuntimeMock' must contain a non-null value when exiting constructor. Consider adding the 'required' modifier or declaring the property as nullable. [/home/chad/repos/witchcityrope/WitchCityRope/tests/WitchCityRope.Web.Tests/WitchCityRope.Web.Tests.csproj]
/home/chad/repos/witchcityrope/WitchCityRope/tests/WitchCityRope.Web.Tests/Helpers/ComponentTestBase.cs(26,19): warning CS8618: Non-nullable property 'AuthServiceMock' must contain a non-null value when exiting constructor. Consider adding the 'required' modifier or declaring the property as nullable. [/home/chad/repos/witchcityrope/WitchCityRope/tests/WitchCityRope.Web.Tests/WitchCityRope.Web.Tests.csproj]
/home/chad/repos/witchcityrope/WitchCityRope/tests/WitchCityRope.Web.Tests/Helpers/ComponentTestBase.cs(26,19): warning CS8618: Non-nullable property 'LocalStorageMock' must contain a non-null value when exiting constructor. Consider adding the 'required' modifier or declaring the property as nullable. [/home/chad/repos/witchcityrope/WitchCityRope/tests/WitchCityRope.Web.Tests/WitchCityRope.Web.Tests.csproj]
/home/chad/repos/witchcityrope/WitchCityRope/tests/WitchCityRope.Web.Tests/Helpers/ComponentTestBase.cs(26,19): warning CS8618: Non-nullable property 'NotificationServiceMock' must contain a non-null value when exiting constructor. Consider adding the 'required' modifier or declaring the property as nullable. [/home/chad/repos/witchcityrope/WitchCityRope/tests/WitchCityRope.Web.Tests/WitchCityRope.Web.Tests.csproj]
/home/chad/repos/witchcityrope/WitchCityRope/tests/WitchCityRope.Web.Tests/Helpers/ComponentTestBase.cs(26,19): warning CS8618: Non-nullable property 'ToastServiceMock' must contain a non-null value when exiting constructor. Consider adding the 'required' modifier or declaring the property as nullable. [/home/chad/repos/witchcityrope/WitchCityRope/tests/WitchCityRope.Web.Tests/WitchCityRope.Web.Tests.csproj]
/home/chad/repos/witchcityrope/WitchCityRope/tests/WitchCityRope.Web.Tests/Helpers/TestBase.cs(23,15): warning CS8618: Non-nullable property 'NavigationManager' must contain a non-null value when exiting constructor. Consider adding the 'required' modifier or declaring the property as nullable. [/home/chad/repos/witchcityrope/WitchCityRope/tests/WitchCityRope.Web.Tests/WitchCityRope.Web.Tests.csproj]
/home/chad/repos/witchcityrope/WitchCityRope/tests/WitchCityRope.Web.Tests/Helpers/BunitExtensions.cs(51,20): warning CS8603: Possible null reference return. [/home/chad/repos/witchcityrope/WitchCityRope/tests/WitchCityRope.Web.Tests/WitchCityRope.Web.Tests.csproj]
/home/chad/repos/witchcityrope/WitchCityRope/tests/WitchCityRope.Web.Tests/TestData/TestDataBuilder.cs(35,13): error CS0117: 'EventDto' does not contain a definition for 'Title' [/home/chad/repos/witchcityrope/WitchCityRope/tests/WitchCityRope.Web.Tests/WitchCityRope.Web.Tests.csproj]
/home/chad/repos/witchcityrope/WitchCityRope/tests/WitchCityRope.Web.Tests/TestData/TestDataBuilder.cs(36,13): error CS0117: 'EventDto' does not contain a definition for 'StartDate' [/home/chad/repos/witchcityrope/WitchCityRope/tests/WitchCityRope.Web.Tests/WitchCityRope.Web.Tests.csproj]
/home/chad/repos/witchcityrope/WitchCityRope/tests/WitchCityRope.Web.Tests/TestData/TestDataBuilder.cs(37,13): error CS0117: 'EventDto' does not contain a definition for 'EndDate' [/home/chad/repos/witchcityrope/WitchCityRope/tests/WitchCityRope.Web.Tests/WitchCityRope.Web.Tests.csproj]
/home/chad/repos/witchcityrope/WitchCityRope/tests/WitchCityRope.Web.Tests/TestData/TestDataBuilder.cs(39,25): error CS0029: Cannot implicitly convert type 'WitchCityRope.Core.Enums.EventType' to 'string' [/home/chad/repos/witchcityrope/WitchCityRope/tests/WitchCityRope.Web.Tests/WitchCityRope.Web.Tests.csproj]
/home/chad/repos/witchcityrope/WitchCityRope/tests/WitchCityRope.Web.Tests/TestData/TestDataBuilder.cs(40,13): error CS0117: 'EventDto' does not contain a definition for 'InstructorName' [/home/chad/repos/witchcityrope/WitchCityRope/tests/WitchCityRope.Web.Tests/WitchCityRope.Web.Tests.csproj]
/home/chad/repos/witchcityrope/WitchCityRope/tests/WitchCityRope.Web.Tests/TestData/TestDataBuilder.cs(41,13): error CS0117: 'EventDto' does not contain a definition for 'RegistrationStatus' [/home/chad/repos/witchcityrope/WitchCityRope/tests/WitchCityRope.Web.Tests/WitchCityRope.Web.Tests.csproj]
/home/chad/repos/witchcityrope/WitchCityRope/tests/WitchCityRope.Web.Tests/TestData/TestDataBuilder.cs(42,13): error CS0117: 'EventDto' does not contain a definition for 'TicketId' [/home/chad/repos/witchcityrope/WitchCityRope/tests/WitchCityRope.Web.Tests/WitchCityRope.Web.Tests.csproj]
/home/chad/repos/witchcityrope/WitchCityRope/tests/WitchCityRope.Web.Tests/Auth/LoginComponentTests.cs(40,35): warning CS8625: Cannot convert null literal to non-nullable reference type. [/home/chad/repos/witchcityrope/WitchCityRope/tests/WitchCityRope.Web.Tests/WitchCityRope.Web.Tests.csproj]
/home/chad/repos/witchcityrope/WitchCityRope/tests/WitchCityRope.Web.Tests/Auth/LoginComponentTests.cs(40,41): warning CS8625: Cannot convert null literal to non-nullable reference type. [/home/chad/repos/witchcityrope/WitchCityRope/tests/WitchCityRope.Web.Tests/WitchCityRope.Web.Tests.csproj]
/home/chad/repos/witchcityrope/WitchCityRope/tests/WitchCityRope.Web.Tests/Auth/LoginComponentTests.cs(40,47): warning CS8625: Cannot convert null literal to non-nullable reference type. [/home/chad/repos/witchcityrope/WitchCityRope/tests/WitchCityRope.Web.Tests/WitchCityRope.Web.Tests.csproj]
/home/chad/repos/witchcityrope/WitchCityRope/tests/WitchCityRope.Web.Tests/Auth/LoginComponentTests.cs(40,53): warning CS8625: Cannot convert null literal to non-nullable reference type. [/home/chad/repos/witchcityrope/WitchCityRope/tests/WitchCityRope.Web.Tests/WitchCityRope.Web.Tests.csproj]
/home/chad/repos/witchcityrope/WitchCityRope/tests/WitchCityRope.Web.Tests/Auth/LoginComponentTests.cs(40,59): warning CS8625: Cannot convert null literal to non-nullable reference type. [/home/chad/repos/witchcityrope/WitchCityRope/tests/WitchCityRope.Web.Tests/WitchCityRope.Web.Tests.csproj]
/home/chad/repos/witchcityrope/WitchCityRope/tests/WitchCityRope.Web.Tests/Auth/LoginComponentTests.cs(40,65): warning CS8625: Cannot convert null literal to non-nullable reference type. [/home/chad/repos/witchcityrope/WitchCityRope/tests/WitchCityRope.Web.Tests/WitchCityRope.Web.Tests.csproj]
/home/chad/repos/witchcityrope/WitchCityRope/tests/WitchCityRope.Web.Tests/Auth/LoginComponentTests.cs(40,71): warning CS8625: Cannot convert null literal to non-nullable reference type. [/home/chad/repos/witchcityrope/WitchCityRope/tests/WitchCityRope.Web.Tests/WitchCityRope.Web.Tests.csproj]
/home/chad/repos/witchcityrope/WitchCityRope/tests/WitchCityRope.Web.Tests/Auth/LoginComponentTests.cs(40,77): warning CS8625: Cannot convert null literal to non-nullable reference type. [/home/chad/repos/witchcityrope/WitchCityRope/tests/WitchCityRope.Web.Tests/WitchCityRope.Web.Tests.csproj]
/home/chad/repos/witchcityrope/WitchCityRope/tests/WitchCityRope.Web.Tests/Features/Auth/TwoFactorAuthComponentTests.cs(53,27): warning CS1998: This async method lacks 'await' operators and will run synchronously. Consider using the 'await' operator to await non-blocking API calls, or 'await Task.Run(...)' to do CPU-bound work on a background thread. [/home/chad/repos/witchcityrope/WitchCityRope/tests/WitchCityRope.Web.Tests/WitchCityRope.Web.Tests.csproj]
/home/chad/repos/witchcityrope/WitchCityRope/tests/WitchCityRope.Web.Tests/Shared/Layouts/MainLayoutTests.cs(300,23): warning CS8618: Non-nullable property 'Message' must contain a non-null value when exiting constructor. Consider adding the 'required' modifier or declaring the property as nullable. [/home/chad/repos/witchcityrope/WitchCityRope/tests/WitchCityRope.Web.Tests/WitchCityRope.Web.Tests.csproj]
/home/chad/repos/witchcityrope/WitchCityRope/tests/WitchCityRope.Web.Tests/Shared/Layouts/MainLayoutTests.cs(301,23): warning CS8618: Non-nullable property 'Type' must contain a non-null value when exiting constructor. Consider adding the 'required' modifier or declaring the property as nullable. [/home/chad/repos/witchcityrope/WitchCityRope/tests/WitchCityRope.Web.Tests/WitchCityRope.Web.Tests.csproj]
/home/chad/repos/witchcityrope/WitchCityRope/tests/WitchCityRope.Web.Tests/Features/Auth/TwoFactorAuthComponentTests.cs(122,13): warning CS8602: Dereference of a possibly null reference. [/home/chad/repos/witchcityrope/WitchCityRope/tests/WitchCityRope.Web.Tests/WitchCityRope.Web.Tests.csproj]
/home/chad/repos/witchcityrope/WitchCityRope/tests/WitchCityRope.Web.Tests/Helpers/NavigationTestHelper.cs(136,25): warning CS8600: Converting null literal or possible null value to non-nullable type. [/home/chad/repos/witchcityrope/WitchCityRope/tests/WitchCityRope.Web.Tests/WitchCityRope.Web.Tests.csproj]
/home/chad/repos/witchcityrope/WitchCityRope/tests/WitchCityRope.Web.Tests/Features/Events/EventDetailPageTests.cs(81,26): warning CS8620: Argument of type 'Task<EventDetail>' cannot be used for parameter 'value' of type 'Task<EventDetail?>' in 'IReturnsResult<IEventService> IReturns<IEventService, Task<EventDetail?>>.Returns(Task<EventDetail?> value)' due to differences in the nullability of reference types. [/home/chad/repos/witchcityrope/WitchCityRope/tests/WitchCityRope.Web.Tests/WitchCityRope.Web.Tests.csproj]
/home/chad/repos/witchcityrope/WitchCityRope/tests/WitchCityRope.Web.Tests/Helpers/ServiceMockHelpers.cs(119,32): error CS0029: Cannot implicitly convert type 'System.Threading.Tasks.Task<object>' to 'System.Threading.Tasks.Task<Moq.It.IsAnyType>' [/home/chad/repos/witchcityrope/WitchCityRope/tests/WitchCityRope.Web.Tests/WitchCityRope.Web.Tests.csproj]
/home/chad/repos/witchcityrope/WitchCityRope/tests/WitchCityRope.Web.Tests/Helpers/ServiceMockHelpers.cs(119,32): error CS1662: Cannot convert lambda expression to intended delegate type because some of the return types in the block are not implicitly convertible to the delegate return type [/home/chad/repos/witchcityrope/WitchCityRope/tests/WitchCityRope.Web.Tests/WitchCityRope.Web.Tests.csproj]
/home/chad/repos/witchcityrope/WitchCityRope/tests/WitchCityRope.Web.Tests/Helpers/ServiceMockHelpers.cs(121,28): error CS0029: Cannot implicitly convert type 'System.Threading.Tasks.Task<object>' to 'System.Threading.Tasks.Task<Moq.It.IsAnyType>' [/home/chad/repos/witchcityrope/WitchCityRope/tests/WitchCityRope.Web.Tests/WitchCityRope.Web.Tests.csproj]
/home/chad/repos/witchcityrope/WitchCityRope/tests/WitchCityRope.Web.Tests/Helpers/ServiceMockHelpers.cs(121,28): error CS1662: Cannot convert lambda expression to intended delegate type because some of the return types in the block are not implicitly convertible to the delegate return type [/home/chad/repos/witchcityrope/WitchCityRope/tests/WitchCityRope.Web.Tests/WitchCityRope.Web.Tests.csproj]
/home/chad/repos/witchcityrope/WitchCityRope/tests/WitchCityRope.Web.Tests/Helpers/ServiceMockHelpers.cs(121,52): warning CS8625: Cannot convert null literal to non-nullable reference type. [/home/chad/repos/witchcityrope/WitchCityRope/tests/WitchCityRope.Web.Tests/WitchCityRope.Web.Tests.csproj]
/home/chad/repos/witchcityrope/WitchCityRope/tests/WitchCityRope.Web.Tests/Features/Events/EventDetailPageTests.cs(104,31): warning CS8600: Converting null literal or possible null value to non-nullable type. [/home/chad/repos/witchcityrope/WitchCityRope/tests/WitchCityRope.Web.Tests/WitchCityRope.Web.Tests.csproj]
/home/chad/repos/witchcityrope/WitchCityRope/tests/WitchCityRope.Web.Tests/Features/Events/EventCardComponentTests.cs(194,38): error CS0103: The name 'EventCallback' does not exist in the current context [/home/chad/repos/witchcityrope/WitchCityRope/tests/WitchCityRope.Web.Tests/WitchCityRope.Web.Tests.csproj]
/home/chad/repos/witchcityrope/WitchCityRope/tests/WitchCityRope.Web.Tests/Features/Auth/TwoFactorAuthComponentTests.cs(272,13): warning CS8602: Dereference of a possibly null reference. [/home/chad/repos/witchcityrope/WitchCityRope/tests/WitchCityRope.Web.Tests/WitchCityRope.Web.Tests.csproj]
/home/chad/repos/witchcityrope/WitchCityRope/tests/WitchCityRope.Web.Tests/Shared/Components/Navigation/MainNavTests.cs(164,44): error CS0246: The type or namespace name 'IUserService' could not be found (are you missing a using directive or an assembly reference?) [/home/chad/repos/witchcityrope/WitchCityRope/tests/WitchCityRope.Web.Tests/WitchCityRope.Web.Tests.csproj]
/home/chad/repos/witchcityrope/WitchCityRope/tests/WitchCityRope.Web.Tests/Features/Events/EventCardComponentTests.cs(214,38): error CS0103: The name 'EventCallback' does not exist in the current context [/home/chad/repos/witchcityrope/WitchCityRope/tests/WitchCityRope.Web.Tests/WitchCityRope.Web.Tests.csproj]
/home/chad/repos/witchcityrope/WitchCityRope/tests/WitchCityRope.Web.Tests/Features/Members/DashboardPageTests.cs(18,37): warning CS8618: Non-nullable field '_eventServiceMock' must contain a non-null value when exiting constructor. Consider adding the 'required' modifier or declaring the field as nullable. [/home/chad/repos/witchcityrope/WitchCityRope/tests/WitchCityRope.Web.Tests/WitchCityRope.Web.Tests.csproj]
/home/chad/repos/witchcityrope/WitchCityRope/tests/WitchCityRope.Web.Tests/Features/Members/DashboardPageTests.cs(19,44): warning CS8618: Non-nullable field '_registrationServiceMock' must contain a non-null value when exiting constructor. Consider adding the 'required' modifier or declaring the field as nullable. [/home/chad/repos/witchcityrope/WitchCityRope/tests/WitchCityRope.Web.Tests/WitchCityRope.Web.Tests.csproj]
/home/chad/repos/witchcityrope/WitchCityRope/tests/WitchCityRope.Web.Tests/Features/Members/DashboardPageTests.cs(20,36): warning CS8618: Non-nullable field '_userServiceMock' must contain a non-null value when exiting constructor. Consider adding the 'required' modifier or declaring the field as nullable. [/home/chad/repos/witchcityrope/WitchCityRope/tests/WitchCityRope.Web.Tests/WitchCityRope.Web.Tests.csproj]
/home/chad/repos/witchcityrope/WitchCityRope/tests/WitchCityRope.Web.Tests/Shared/Layouts/MainLayoutTests.cs(209,52): error CS0246: The type or namespace name 'INotificationService' could not be found (are you missing a using directive or an assembly reference?) [/home/chad/repos/witchcityrope/WitchCityRope/tests/WitchCityRope.Web.Tests/WitchCityRope.Web.Tests.csproj]
/home/chad/repos/witchcityrope/WitchCityRope/tests/WitchCityRope.Web.Tests/Shared/Layouts/MainLayoutTests.cs(227,72): error CS1503: Argument 2: cannot convert from 'int' to 'System.Threading.CancellationToken' [/home/chad/repos/witchcityrope/WitchCityRope/tests/WitchCityRope.Web.Tests/WitchCityRope.Web.Tests.csproj]
/home/chad/repos/witchcityrope/WitchCityRope/tests/WitchCityRope.Web.Tests/Shared/Layouts/MainLayoutTests.cs(227,75): error CS1503: Argument 3: cannot convert from 'int' to 'object?[]?' [/home/chad/repos/witchcityrope/WitchCityRope/tests/WitchCityRope.Web.Tests/WitchCityRope.Web.Tests.csproj]
/home/chad/repos/witchcityrope/WitchCityRope/tests/WitchCityRope.Web.Tests/Shared/Layouts/MainLayoutTests.cs(228,13): error CS0103: The name 'StateHasChanged' does not exist in the current context [/home/chad/repos/witchcityrope/WitchCityRope/tests/WitchCityRope.Web.Tests/WitchCityRope.Web.Tests.csproj]
/home/chad/repos/witchcityrope/WitchCityRope/tests/WitchCityRope.Web.Tests/Shared/Components/Navigation/MainNavTests.cs(217,52): error CS0246: The type or namespace name 'INotificationService' could not be found (are you missing a using directive or an assembly reference?) [/home/chad/repos/witchcityrope/WitchCityRope/tests/WitchCityRope.Web.Tests/WitchCityRope.Web.Tests.csproj]
/home/chad/repos/witchcityrope/WitchCityRope/tests/WitchCityRope.Web.Tests/Features/Members/ProfilePageTests.cs(19,36): warning CS8618: Non-nullable field '_userServiceMock' must contain a non-null value when exiting constructor. Consider adding the 'required' modifier or declaring the field as nullable. [/home/chad/repos/witchcityrope/WitchCityRope/tests/WitchCityRope.Web.Tests/WitchCityRope.Web.Tests.csproj]
/home/chad/repos/witchcityrope/WitchCityRope/tests/WitchCityRope.Web.Tests/Auth/LoginComponentTests.cs(474,52): error CS1061: 'string' does not contain a definition for 'Value' and no accessible extension method 'Value' accepting a first argument of type 'string' could be found (are you missing a using directive or an assembly reference?) [/home/chad/repos/witchcityrope/WitchCityRope/tests/WitchCityRope.Web.Tests/WitchCityRope.Web.Tests.csproj]
/home/chad/repos/witchcityrope/WitchCityRope/tests/WitchCityRope.Web.Tests/Auth/LoginComponentTests.cs(489,52): error CS1061: 'string' does not contain a definition for 'Value' and no accessible extension method 'Value' accepting a first argument of type 'string' could be found (are you missing a using directive or an assembly reference?) [/home/chad/repos/witchcityrope/WitchCityRope/tests/WitchCityRope.Web.Tests/WitchCityRope.Web.Tests.csproj]
/home/chad/repos/witchcityrope/WitchCityRope/tests/WitchCityRope.Web.Tests/Features/Events/EventDetailPageTests.cs(341,41): warning CS8602: Dereference of a possibly null reference. [/home/chad/repos/witchcityrope/WitchCityRope/tests/WitchCityRope.Web.Tests/WitchCityRope.Web.Tests.csproj]
/home/chad/repos/witchcityrope/WitchCityRope/tests/WitchCityRope.Web.Tests/Features/Events/EventDetailPageTests.cs(22,37): warning CS8618: Non-nullable field '_eventServiceMock' must contain a non-null value when exiting constructor. Consider adding the 'required' modifier or declaring the field as nullable. [/home/chad/repos/witchcityrope/WitchCityRope/tests/WitchCityRope.Web.Tests/WitchCityRope.Web.Tests.csproj]
/home/chad/repos/witchcityrope/WitchCityRope/tests/WitchCityRope.Web.Tests/Features/Events/EventDetailPageTests.cs(23,44): warning CS8618: Non-nullable field '_registrationServiceMock' must contain a non-null value when exiting constructor. Consider adding the 'required' modifier or declaring the field as nullable. [/home/chad/repos/witchcityrope/WitchCityRope/tests/WitchCityRope.Web.Tests/WitchCityRope.Web.Tests.csproj]

Build FAILED.

/home/chad/repos/witchcityrope/WitchCityRope/tests/WitchCityRope.Api.Tests/WitchCityRope.Api.Tests.csproj : warning NU1603: WitchCityRope.Api.Tests depends on xunit.runner.visualstudio (>= 2.9.3) but xunit.runner.visualstudio 2.9.3 was not found. xunit.runner.visualstudio 3.0.0 was resolved instead. [/home/chad/repos/witchcityrope/WitchCityRope/WitchCityRope.sln]
/home/chad/repos/witchcityrope/WitchCityRope/tests/WitchCityRope.Web.Tests/WitchCityRope.Web.Tests.csproj : warning NU1603: WitchCityRope.Web.Tests depends on xunit.runner.visualstudio (>= 2.9.3) but xunit.runner.visualstudio 2.9.3 was not found. xunit.runner.visualstudio 3.0.0 was resolved instead. [/home/chad/repos/witchcityrope/WitchCityRope/WitchCityRope.sln]
/home/chad/repos/witchcityrope/WitchCityRope/tests/WitchCityRope.Api.Tests/WitchCityRope.Api.Tests.csproj : warning NU1603: WitchCityRope.Api.Tests depends on xunit.runner.visualstudio (>= 2.9.3) but xunit.runner.visualstudio 2.9.3 was not found. xunit.runner.visualstudio 3.0.0 was resolved instead.
/home/chad/repos/witchcityrope/WitchCityRope/tests/WitchCityRope.Web.Tests/WitchCityRope.Web.Tests.csproj : warning NU1603: WitchCityRope.Web.Tests depends on xunit.runner.visualstudio (>= 2.9.3) but xunit.runner.visualstudio 2.9.3 was not found. xunit.runner.visualstudio 3.0.0 was resolved instead.
/home/chad/repos/witchcityrope/WitchCityRope/tests/WitchCityRope.Infrastructure.Tests/Data/ConcurrencyTests.cs(31,33): warning CS8602: Dereference of a possibly null reference. [/home/chad/repos/witchcityrope/WitchCityRope/tests/WitchCityRope.Infrastructure.Tests/WitchCityRope.Infrastructure.Tests.csproj]
/home/chad/repos/witchcityrope/WitchCityRope/tests/WitchCityRope.Infrastructure.Tests/Data/ConcurrencyTests.cs(34,13): warning CS8602: Dereference of a possibly null reference. [/home/chad/repos/witchcityrope/WitchCityRope/tests/WitchCityRope.Infrastructure.Tests/WitchCityRope.Infrastructure.Tests.csproj]
/home/chad/repos/witchcityrope/WitchCityRope/tests/WitchCityRope.Infrastructure.Tests/Data/ConcurrencyTests.cs(35,13): warning CS8602: Dereference of a possibly null reference. [/home/chad/repos/witchcityrope/WitchCityRope/tests/WitchCityRope.Infrastructure.Tests/WitchCityRope.Infrastructure.Tests.csproj]
/home/chad/repos/witchcityrope/WitchCityRope/tests/WitchCityRope.Infrastructure.Tests/Data/ConcurrencyTests.cs(36,13): warning CS8602: Dereference of a possibly null reference. [/home/chad/repos/witchcityrope/WitchCityRope/tests/WitchCityRope.Infrastructure.Tests/WitchCityRope.Infrastructure.Tests.csproj]
/home/chad/repos/witchcityrope/WitchCityRope/tests/WitchCityRope.Infrastructure.Tests/Data/ConcurrencyTests.cs(37,13): warning CS8602: Dereference of a possibly null reference. [/home/chad/repos/witchcityrope/WitchCityRope/tests/WitchCityRope.Infrastructure.Tests/WitchCityRope.Infrastructure.Tests.csproj]
/home/chad/repos/witchcityrope/WitchCityRope/tests/WitchCityRope.Infrastructure.Tests/Data/ConcurrencyTests.cs(38,13): warning CS8602: Dereference of a possibly null reference. [/home/chad/repos/witchcityrope/WitchCityRope/tests/WitchCityRope.Infrastructure.Tests/WitchCityRope.Infrastructure.Tests.csproj]
/home/chad/repos/witchcityrope/WitchCityRope/tests/WitchCityRope.Infrastructure.Tests/Data/ConcurrencyTests.cs(39,13): warning CS8602: Dereference of a possibly null reference. [/home/chad/repos/witchcityrope/WitchCityRope/tests/WitchCityRope.Infrastructure.Tests/WitchCityRope.Infrastructure.Tests.csproj]
/home/chad/repos/witchcityrope/WitchCityRope/tests/WitchCityRope.Infrastructure.Tests/Data/ConcurrencyTests.cs(40,13): warning CS8602: Dereference of a possibly null reference. [/home/chad/repos/witchcityrope/WitchCityRope/tests/WitchCityRope.Infrastructure.Tests/WitchCityRope.Infrastructure.Tests.csproj]
/home/chad/repos/witchcityrope/WitchCityRope/tests/WitchCityRope.Infrastructure.Tests/Data/ConcurrencyTests.cs(41,13): warning CS8602: Dereference of a possibly null reference. [/home/chad/repos/witchcityrope/WitchCityRope/tests/WitchCityRope.Infrastructure.Tests/WitchCityRope.Infrastructure.Tests.csproj]
/home/chad/repos/witchcityrope/WitchCityRope/tests/WitchCityRope.Infrastructure.Tests/Data/ConcurrencyTests.cs(42,13): warning CS8602: Dereference of a possibly null reference. [/home/chad/repos/witchcityrope/WitchCityRope/tests/WitchCityRope.Infrastructure.Tests/WitchCityRope.Infrastructure.Tests.csproj]
/home/chad/repos/witchcityrope/WitchCityRope/tests/WitchCityRope.Infrastructure.Tests/Data/ConcurrencyTests.cs(43,13): warning CS8602: Dereference of a possibly null reference. [/home/chad/repos/witchcityrope/WitchCityRope/tests/WitchCityRope.Infrastructure.Tests/WitchCityRope.Infrastructure.Tests.csproj]
/home/chad/repos/witchcityrope/WitchCityRope/tests/WitchCityRope.Infrastructure.Tests/Data/ConcurrencyTests.cs(44,13): warning CS8602: Dereference of a possibly null reference. [/home/chad/repos/witchcityrope/WitchCityRope/tests/WitchCityRope.Infrastructure.Tests/WitchCityRope.Infrastructure.Tests.csproj]
/home/chad/repos/witchcityrope/WitchCityRope/tests/WitchCityRope.Infrastructure.Tests/Data/WitchCityRopeDbContextTests.cs(30,33): warning CS8602: Dereference of a possibly null reference. [/home/chad/repos/witchcityrope/WitchCityRope/tests/WitchCityRope.Infrastructure.Tests/WitchCityRope.Infrastructure.Tests.csproj]
/home/chad/repos/witchcityrope/WitchCityRope/tests/WitchCityRope.Infrastructure.Tests/Data/WitchCityRopeDbContextTests.cs(33,13): warning CS8602: Dereference of a possibly null reference. [/home/chad/repos/witchcityrope/WitchCityRope/tests/WitchCityRope.Infrastructure.Tests/WitchCityRope.Infrastructure.Tests.csproj]
/home/chad/repos/witchcityrope/WitchCityRope/tests/WitchCityRope.Infrastructure.Tests/Data/WitchCityRopeDbContextTests.cs(34,13): warning CS8602: Dereference of a possibly null reference. [/home/chad/repos/witchcityrope/WitchCityRope/tests/WitchCityRope.Infrastructure.Tests/WitchCityRope.Infrastructure.Tests.csproj]
/home/chad/repos/witchcityrope/WitchCityRope/tests/WitchCityRope.Infrastructure.Tests/Data/WitchCityRopeDbContextTests.cs(35,13): warning CS8602: Dereference of a possibly null reference. [/home/chad/repos/witchcityrope/WitchCityRope/tests/WitchCityRope.Infrastructure.Tests/WitchCityRope.Infrastructure.Tests.csproj]
/home/chad/repos/witchcityrope/WitchCityRope/tests/WitchCityRope.Infrastructure.Tests/Data/WitchCityRopeDbContextTests.cs(36,13): warning CS8602: Dereference of a possibly null reference. [/home/chad/repos/witchcityrope/WitchCityRope/tests/WitchCityRope.Infrastructure.Tests/WitchCityRope.Infrastructure.Tests.csproj]
/home/chad/repos/witchcityrope/WitchCityRope/tests/WitchCityRope.Infrastructure.Tests/Data/WitchCityRopeDbContextTests.cs(37,13): warning CS8602: Dereference of a possibly null reference. [/home/chad/repos/witchcityrope/WitchCityRope/tests/WitchCityRope.Infrastructure.Tests/WitchCityRope.Infrastructure.Tests.csproj]
/home/chad/repos/witchcityrope/WitchCityRope/tests/WitchCityRope.Infrastructure.Tests/Data/WitchCityRopeDbContextTests.cs(38,13): warning CS8602: Dereference of a possibly null reference. [/home/chad/repos/witchcityrope/WitchCityRope/tests/WitchCityRope.Infrastructure.Tests/WitchCityRope.Infrastructure.Tests.csproj]
/home/chad/repos/witchcityrope/WitchCityRope/tests/WitchCityRope.Infrastructure.Tests/Data/WitchCityRopeDbContextTests.cs(39,13): warning CS8602: Dereference of a possibly null reference. [/home/chad/repos/witchcityrope/WitchCityRope/tests/WitchCityRope.Infrastructure.Tests/WitchCityRope.Infrastructure.Tests.csproj]
/home/chad/repos/witchcityrope/WitchCityRope/tests/WitchCityRope.Infrastructure.Tests/Data/WitchCityRopeDbContextTests.cs(40,13): warning CS8602: Dereference of a possibly null reference. [/home/chad/repos/witchcityrope/WitchCityRope/tests/WitchCityRope.Infrastructure.Tests/WitchCityRope.Infrastructure.Tests.csproj]
/home/chad/repos/witchcityrope/WitchCityRope/tests/WitchCityRope.Infrastructure.Tests/Data/WitchCityRopeDbContextTests.cs(41,13): warning CS8602: Dereference of a possibly null reference. [/home/chad/repos/witchcityrope/WitchCityRope/tests/WitchCityRope.Infrastructure.Tests/WitchCityRope.Infrastructure.Tests.csproj]
/home/chad/repos/witchcityrope/WitchCityRope/tests/WitchCityRope.Infrastructure.Tests/Data/WitchCityRopeDbContextTests.cs(42,13): warning CS8602: Dereference of a possibly null reference. [/home/chad/repos/witchcityrope/WitchCityRope/tests/WitchCityRope.Infrastructure.Tests/WitchCityRope.Infrastructure.Tests.csproj]
/home/chad/repos/witchcityrope/WitchCityRope/tests/WitchCityRope.Infrastructure.Tests/Data/WitchCityRopeDbContextTests.cs(43,13): warning CS8602: Dereference of a possibly null reference. [/home/chad/repos/witchcityrope/WitchCityRope/tests/WitchCityRope.Infrastructure.Tests/WitchCityRope.Infrastructure.Tests.csproj]
/home/chad/repos/witchcityrope/WitchCityRope/tests/WitchCityRope.Infrastructure.Tests/Data/EntityConfigurationTests.cs(29,33): warning CS8602: Dereference of a possibly null reference. [/home/chad/repos/witchcityrope/WitchCityRope/tests/WitchCityRope.Infrastructure.Tests/WitchCityRope.Infrastructure.Tests.csproj]
/home/chad/repos/witchcityrope/WitchCityRope/tests/WitchCityRope.Infrastructure.Tests/Data/EntityConfigurationTests.cs(32,13): warning CS8602: Dereference of a possibly null reference. [/home/chad/repos/witchcityrope/WitchCityRope/tests/WitchCityRope.Infrastructure.Tests/WitchCityRope.Infrastructure.Tests.csproj]
/home/chad/repos/witchcityrope/WitchCityRope/tests/WitchCityRope.Infrastructure.Tests/Data/EntityConfigurationTests.cs(33,13): warning CS8602: Dereference of a possibly null reference. [/home/chad/repos/witchcityrope/WitchCityRope/tests/WitchCityRope.Infrastructure.Tests/WitchCityRope.Infrastructure.Tests.csproj]
/home/chad/repos/witchcityrope/WitchCityRope/tests/WitchCityRope.Infrastructure.Tests/Data/EntityConfigurationTests.cs(34,13): warning CS8602: Dereference of a possibly null reference. [/home/chad/repos/witchcityrope/WitchCityRope/tests/WitchCityRope.Infrastructure.Tests/WitchCityRope.Infrastructure.Tests.csproj]
/home/chad/repos/witchcityrope/WitchCityRope/tests/WitchCityRope.Infrastructure.Tests/Data/EntityConfigurationTests.cs(35,13): warning CS8602: Dereference of a possibly null reference. [/home/chad/repos/witchcityrope/WitchCityRope/tests/WitchCityRope.Infrastructure.Tests/WitchCityRope.Infrastructure.Tests.csproj]
/home/chad/repos/witchcityrope/WitchCityRope/tests/WitchCityRope.Infrastructure.Tests/Data/EntityConfigurationTests.cs(36,13): warning CS8602: Dereference of a possibly null reference. [/home/chad/repos/witchcityrope/WitchCityRope/tests/WitchCityRope.Infrastructure.Tests/WitchCityRope.Infrastructure.Tests.csproj]
/home/chad/repos/witchcityrope/WitchCityRope/tests/WitchCityRope.Infrastructure.Tests/Data/EntityConfigurationTests.cs(37,13): warning CS8602: Dereference of a possibly null reference. [/home/chad/repos/witchcityrope/WitchCityRope/tests/WitchCityRope.Infrastructure.Tests/WitchCityRope.Infrastructure.Tests.csproj]
/home/chad/repos/witchcityrope/WitchCityRope/tests/WitchCityRope.Infrastructure.Tests/Data/EntityConfigurationTests.cs(38,13): warning CS8602: Dereference of a possibly null reference. [/home/chad/repos/witchcityrope/WitchCityRope/tests/WitchCityRope.Infrastructure.Tests/WitchCityRope.Infrastructure.Tests.csproj]
/home/chad/repos/witchcityrope/WitchCityRope/tests/WitchCityRope.Infrastructure.Tests/Data/EntityConfigurationTests.cs(39,13): warning CS8602: Dereference of a possibly null reference. [/home/chad/repos/witchcityrope/WitchCityRope/tests/WitchCityRope.Infrastructure.Tests/WitchCityRope.Infrastructure.Tests.csproj]
/home/chad/repos/witchcityrope/WitchCityRope/tests/WitchCityRope.Infrastructure.Tests/Data/EntityConfigurationTests.cs(40,13): warning CS8602: Dereference of a possibly null reference. [/home/chad/repos/witchcityrope/WitchCityRope/tests/WitchCityRope.Infrastructure.Tests/WitchCityRope.Infrastructure.Tests.csproj]
/home/chad/repos/witchcityrope/WitchCityRope/tests/WitchCityRope.Infrastructure.Tests/Data/EntityConfigurationTests.cs(41,13): warning CS8602: Dereference of a possibly null reference. [/home/chad/repos/witchcityrope/WitchCityRope/tests/WitchCityRope.Infrastructure.Tests/WitchCityRope.Infrastructure.Tests.csproj]
/home/chad/repos/witchcityrope/WitchCityRope/tests/WitchCityRope.Infrastructure.Tests/Data/EntityConfigurationTests.cs(42,13): warning CS8602: Dereference of a possibly null reference. [/home/chad/repos/witchcityrope/WitchCityRope/tests/WitchCityRope.Infrastructure.Tests/WitchCityRope.Infrastructure.Tests.csproj]
/home/chad/repos/witchcityrope/WitchCityRope/tests/WitchCityRope.Infrastructure.Tests/Data/ConcurrencyTests.cs(58,46): warning CS8602: Dereference of a possibly null reference. [/home/chad/repos/witchcityrope/WitchCityRope/tests/WitchCityRope.Infrastructure.Tests/WitchCityRope.Infrastructure.Tests.csproj]
/home/chad/repos/witchcityrope/WitchCityRope/tests/WitchCityRope.Infrastructure.Tests/Data/ConcurrencyTests.cs(60,13): warning CS8602: Dereference of a possibly null reference. [/home/chad/repos/witchcityrope/WitchCityRope/tests/WitchCityRope.Infrastructure.Tests/WitchCityRope.Infrastructure.Tests.csproj]
/home/chad/repos/witchcityrope/WitchCityRope/tests/WitchCityRope.Infrastructure.Tests/Data/ConcurrencyTests.cs(61,13): warning CS8602: Dereference of a possibly null reference. [/home/chad/repos/witchcityrope/WitchCityRope/tests/WitchCityRope.Infrastructure.Tests/WitchCityRope.Infrastructure.Tests.csproj]
/home/chad/repos/witchcityrope/WitchCityRope/tests/WitchCityRope.Infrastructure.Tests/Data/ConcurrencyTests.cs(62,13): warning CS8602: Dereference of a possibly null reference. [/home/chad/repos/witchcityrope/WitchCityRope/tests/WitchCityRope.Infrastructure.Tests/WitchCityRope.Infrastructure.Tests.csproj]
/home/chad/repos/witchcityrope/WitchCityRope/tests/WitchCityRope.Infrastructure.Tests/Data/ConcurrencyTests.cs(63,13): warning CS8602: Dereference of a possibly null reference. [/home/chad/repos/witchcityrope/WitchCityRope/tests/WitchCityRope.Infrastructure.Tests/WitchCityRope.Infrastructure.Tests.csproj]
/home/chad/repos/witchcityrope/WitchCityRope/tests/WitchCityRope.Infrastructure.Tests/Data/ConcurrencyTests.cs(64,13): warning CS8602: Dereference of a possibly null reference. [/home/chad/repos/witchcityrope/WitchCityRope/tests/WitchCityRope.Infrastructure.Tests/WitchCityRope.Infrastructure.Tests.csproj]
/home/chad/repos/witchcityrope/WitchCityRope/tests/WitchCityRope.Infrastructure.Tests/Data/ConcurrencyTests.cs(65,13): warning CS8602: Dereference of a possibly null reference. [/home/chad/repos/witchcityrope/WitchCityRope/tests/WitchCityRope.Infrastructure.Tests/WitchCityRope.Infrastructure.Tests.csproj]
/home/chad/repos/witchcityrope/WitchCityRope/tests/WitchCityRope.Infrastructure.Tests/Data/EntityConfigurationTests.cs(56,46): warning CS8602: Dereference of a possibly null reference. [/home/chad/repos/witchcityrope/WitchCityRope/tests/WitchCityRope.Infrastructure.Tests/WitchCityRope.Infrastructure.Tests.csproj]
/home/chad/repos/witchcityrope/WitchCityRope/tests/WitchCityRope.Infrastructure.Tests/Data/EntityConfigurationTests.cs(58,13): warning CS8602: Dereference of a possibly null reference. [/home/chad/repos/witchcityrope/WitchCityRope/tests/WitchCityRope.Infrastructure.Tests/WitchCityRope.Infrastructure.Tests.csproj]
/home/chad/repos/witchcityrope/WitchCityRope/tests/WitchCityRope.Infrastructure.Tests/Data/EntityConfigurationTests.cs(59,13): warning CS8602: Dereference of a possibly null reference. [/home/chad/repos/witchcityrope/WitchCityRope/tests/WitchCityRope.Infrastructure.Tests/WitchCityRope.Infrastructure.Tests.csproj]
/home/chad/repos/witchcityrope/WitchCityRope/tests/WitchCityRope.Infrastructure.Tests/Data/EntityConfigurationTests.cs(60,13): warning CS8602: Dereference of a possibly null reference. [/home/chad/repos/witchcityrope/WitchCityRope/tests/WitchCityRope.Infrastructure.Tests/WitchCityRope.Infrastructure.Tests.csproj]
/home/chad/repos/witchcityrope/WitchCityRope/tests/WitchCityRope.Infrastructure.Tests/Data/EntityConfigurationTests.cs(61,13): warning CS8602: Dereference of a possibly null reference. [/home/chad/repos/witchcityrope/WitchCityRope/tests/WitchCityRope.Infrastructure.Tests/WitchCityRope.Infrastructure.Tests.csproj]
/home/chad/repos/witchcityrope/WitchCityRope/tests/WitchCityRope.Infrastructure.Tests/Data/EntityConfigurationTests.cs(62,13): warning CS8602: Dereference of a possibly null reference. [/home/chad/repos/witchcityrope/WitchCityRope/tests/WitchCityRope.Infrastructure.Tests/WitchCityRope.Infrastructure.Tests.csproj]
/home/chad/repos/witchcityrope/WitchCityRope/tests/WitchCityRope.Infrastructure.Tests/Data/EntityConfigurationTests.cs(63,13): warning CS8602: Dereference of a possibly null reference. [/home/chad/repos/witchcityrope/WitchCityRope/tests/WitchCityRope.Infrastructure.Tests/WitchCityRope.Infrastructure.Tests.csproj]
/home/chad/repos/witchcityrope/WitchCityRope/tests/WitchCityRope.Infrastructure.Tests/Data/EntityConfigurationTests.cs(77,51): warning CS8602: Dereference of a possibly null reference. [/home/chad/repos/witchcityrope/WitchCityRope/tests/WitchCityRope.Infrastructure.Tests/WitchCityRope.Infrastructure.Tests.csproj]
/home/chad/repos/witchcityrope/WitchCityRope/tests/WitchCityRope.Infrastructure.Tests/Data/EntityConfigurationTests.cs(79,13): warning CS8602: Dereference of a possibly null reference. [/home/chad/repos/witchcityrope/WitchCityRope/tests/WitchCityRope.Infrastructure.Tests/WitchCityRope.Infrastructure.Tests.csproj]
/home/chad/repos/witchcityrope/WitchCityRope/tests/WitchCityRope.Infrastructure.Tests/Data/EntityConfigurationTests.cs(80,13): warning CS8602: Dereference of a possibly null reference. [/home/chad/repos/witchcityrope/WitchCityRope/tests/WitchCityRope.Infrastructure.Tests/WitchCityRope.Infrastructure.Tests.csproj]
/home/chad/repos/witchcityrope/WitchCityRope/tests/WitchCityRope.Infrastructure.Tests/Data/EntityConfigurationTests.cs(81,13): warning CS8602: Dereference of a possibly null reference. [/home/chad/repos/witchcityrope/WitchCityRope/tests/WitchCityRope.Infrastructure.Tests/WitchCityRope.Infrastructure.Tests.csproj]
/home/chad/repos/witchcityrope/WitchCityRope/tests/WitchCityRope.Infrastructure.Tests/Data/EntityConfigurationTests.cs(82,13): warning CS8602: Dereference of a possibly null reference. [/home/chad/repos/witchcityrope/WitchCityRope/tests/WitchCityRope.Infrastructure.Tests/WitchCityRope.Infrastructure.Tests.csproj]
/home/chad/repos/witchcityrope/WitchCityRope/tests/WitchCityRope.Infrastructure.Tests/Data/EntityConfigurationTests.cs(83,13): warning CS8602: Dereference of a possibly null reference. [/home/chad/repos/witchcityrope/WitchCityRope/tests/WitchCityRope.Infrastructure.Tests/WitchCityRope.Infrastructure.Tests.csproj]
/home/chad/repos/witchcityrope/WitchCityRope/tests/WitchCityRope.Infrastructure.Tests/Data/EntityConfigurationTests.cs(84,13): warning CS8602: Dereference of a possibly null reference. [/home/chad/repos/witchcityrope/WitchCityRope/tests/WitchCityRope.Infrastructure.Tests/WitchCityRope.Infrastructure.Tests.csproj]
/home/chad/repos/witchcityrope/WitchCityRope/tests/WitchCityRope.Infrastructure.Tests/Data/EntityConfigurationTests.cs(85,13): warning CS8602: Dereference of a possibly null reference. [/home/chad/repos/witchcityrope/WitchCityRope/tests/WitchCityRope.Infrastructure.Tests/WitchCityRope.Infrastructure.Tests.csproj]
/home/chad/repos/witchcityrope/WitchCityRope/tests/WitchCityRope.Infrastructure.Tests/Data/ComplexQueryTests.cs(49,37): warning CS8602: Dereference of a possibly null reference. [/home/chad/repos/witchcityrope/WitchCityRope/tests/WitchCityRope.Infrastructure.Tests/WitchCityRope.Infrastructure.Tests.csproj]
/home/chad/repos/witchcityrope/WitchCityRope/tests/WitchCityRope.Infrastructure.Tests/Data/ComplexQueryTests.cs(53,17): warning CS8602: Dereference of a possibly null reference. [/home/chad/repos/witchcityrope/WitchCityRope/tests/WitchCityRope.Infrastructure.Tests/WitchCityRope.Infrastructure.Tests.csproj]
/home/chad/repos/witchcityrope/WitchCityRope/tests/WitchCityRope.Infrastructure.Tests/Data/ComplexQueryTests.cs(56,17): warning CS8602: Dereference of a possibly null reference. [/home/chad/repos/witchcityrope/WitchCityRope/tests/WitchCityRope.Infrastructure.Tests/WitchCityRope.Infrastructure.Tests.csproj]
/home/chad/repos/witchcityrope/WitchCityRope/tests/WitchCityRope.Infrastructure.Tests/Data/ComplexQueryTests.cs(59,17): warning CS8602: Dereference of a possibly null reference. [/home/chad/repos/witchcityrope/WitchCityRope/tests/WitchCityRope.Infrastructure.Tests/WitchCityRope.Infrastructure.Tests.csproj]
/home/chad/repos/witchcityrope/WitchCityRope/tests/WitchCityRope.Infrastructure.Tests/Data/ComplexQueryTests.cs(62,17): warning CS8602: Dereference of a possibly null reference. [/home/chad/repos/witchcityrope/WitchCityRope/tests/WitchCityRope.Infrastructure.Tests/WitchCityRope.Infrastructure.Tests.csproj]
/home/chad/repos/witchcityrope/WitchCityRope/tests/WitchCityRope.Infrastructure.Tests/Data/ComplexQueryTests.cs(65,17): warning CS8602: Dereference of a possibly null reference. [/home/chad/repos/witchcityrope/WitchCityRope/tests/WitchCityRope.Infrastructure.Tests/WitchCityRope.Infrastructure.Tests.csproj]
/home/chad/repos/witchcityrope/WitchCityRope/tests/WitchCityRope.Infrastructure.Tests/Data/ComplexQueryTests.cs(68,17): warning CS8602: Dereference of a possibly null reference. [/home/chad/repos/witchcityrope/WitchCityRope/tests/WitchCityRope.Infrastructure.Tests/WitchCityRope.Infrastructure.Tests.csproj]
/home/chad/repos/witchcityrope/WitchCityRope/tests/WitchCityRope.Infrastructure.Tests/Data/ComplexQueryTests.cs(71,17): warning CS8602: Dereference of a possibly null reference. [/home/chad/repos/witchcityrope/WitchCityRope/tests/WitchCityRope.Infrastructure.Tests/WitchCityRope.Infrastructure.Tests.csproj]
/home/chad/repos/witchcityrope/WitchCityRope/tests/WitchCityRope.Infrastructure.Tests/Data/ComplexQueryTests.cs(74,17): warning CS8602: Dereference of a possibly null reference. [/home/chad/repos/witchcityrope/WitchCityRope/tests/WitchCityRope.Infrastructure.Tests/WitchCityRope.Infrastructure.Tests.csproj]
/home/chad/repos/witchcityrope/WitchCityRope/tests/WitchCityRope.Infrastructure.Tests/Data/ComplexQueryTests.cs(77,17): warning CS8602: Dereference of a possibly null reference. [/home/chad/repos/witchcityrope/WitchCityRope/tests/WitchCityRope.Infrastructure.Tests/WitchCityRope.Infrastructure.Tests.csproj]
/home/chad/repos/witchcityrope/WitchCityRope/tests/WitchCityRope.Infrastructure.Tests/Data/ComplexQueryTests.cs(80,17): warning CS8602: Dereference of a possibly null reference. [/home/chad/repos/witchcityrope/WitchCityRope/tests/WitchCityRope.Infrastructure.Tests/WitchCityRope.Infrastructure.Tests.csproj]
/home/chad/repos/witchcityrope/WitchCityRope/tests/WitchCityRope.Infrastructure.Tests/Data/ComplexQueryTests.cs(83,17): warning CS8602: Dereference of a possibly null reference. [/home/chad/repos/witchcityrope/WitchCityRope/tests/WitchCityRope.Infrastructure.Tests/WitchCityRope.Infrastructure.Tests.csproj]
/home/chad/repos/witchcityrope/WitchCityRope/tests/WitchCityRope.Infrastructure.Tests/Data/ComplexQueryTests.cs(103,54): warning CS8602: Dereference of a possibly null reference. [/home/chad/repos/witchcityrope/WitchCityRope/tests/WitchCityRope.Infrastructure.Tests/WitchCityRope.Infrastructure.Tests.csproj]
/home/chad/repos/witchcityrope/WitchCityRope/tests/WitchCityRope.Infrastructure.Tests/Data/ComplexQueryTests.cs(106,21): warning CS8602: Dereference of a possibly null reference. [/home/chad/repos/witchcityrope/WitchCityRope/tests/WitchCityRope.Infrastructure.Tests/WitchCityRope.Infrastructure.Tests.csproj]
/home/chad/repos/witchcityrope/WitchCityRope/tests/WitchCityRope.Infrastructure.Tests/Data/ComplexQueryTests.cs(109,21): warning CS8602: Dereference of a possibly null reference. [/home/chad/repos/witchcityrope/WitchCityRope/tests/WitchCityRope.Infrastructure.Tests/WitchCityRope.Infrastructure.Tests.csproj]
/home/chad/repos/witchcityrope/WitchCityRope/tests/WitchCityRope.Infrastructure.Tests/Data/ComplexQueryTests.cs(112,21): warning CS8602: Dereference of a possibly null reference. [/home/chad/repos/witchcityrope/WitchCityRope/tests/WitchCityRope.Infrastructure.Tests/WitchCityRope.Infrastructure.Tests.csproj]
/home/chad/repos/witchcityrope/WitchCityRope/tests/WitchCityRope.Infrastructure.Tests/Data/ComplexQueryTests.cs(115,21): warning CS8602: Dereference of a possibly null reference. [/home/chad/repos/witchcityrope/WitchCityRope/tests/WitchCityRope.Infrastructure.Tests/WitchCityRope.Infrastructure.Tests.csproj]
/home/chad/repos/witchcityrope/WitchCityRope/tests/WitchCityRope.Infrastructure.Tests/Data/ComplexQueryTests.cs(118,21): warning CS8602: Dereference of a possibly null reference. [/home/chad/repos/witchcityrope/WitchCityRope/tests/WitchCityRope.Infrastructure.Tests/WitchCityRope.Infrastructure.Tests.csproj]
/home/chad/repos/witchcityrope/WitchCityRope/tests/WitchCityRope.Infrastructure.Tests/Data/ComplexQueryTests.cs(121,21): warning CS8602: Dereference of a possibly null reference. [/home/chad/repos/witchcityrope/WitchCityRope/tests/WitchCityRope.Infrastructure.Tests/WitchCityRope.Infrastructure.Tests.csproj]
/home/chad/repos/witchcityrope/WitchCityRope/tests/WitchCityRope.Infrastructure.Tests/Data/ConcurrencyTests.cs(79,51): warning CS8602: Dereference of a possibly null reference. [/home/chad/repos/witchcityrope/WitchCityRope/tests/WitchCityRope.Infrastructure.Tests/WitchCityRope.Infrastructure.Tests.csproj]
/home/chad/repos/witchcityrope/WitchCityRope/tests/WitchCityRope.Infrastructure.Tests/Data/ConcurrencyTests.cs(81,13): warning CS8602: Dereference of a possibly null reference. [/home/chad/repos/witchcityrope/WitchCityRope/tests/WitchCityRope.Infrastructure.Tests/WitchCityRope.Infrastructure.Tests.csproj]
/home/chad/repos/witchcityrope/WitchCityRope/tests/WitchCityRope.Infrastructure.Tests/Data/ConcurrencyTests.cs(82,13): warning CS8602: Dereference of a possibly null reference. [/home/chad/repos/witchcityrope/WitchCityRope/tests/WitchCityRope.Infrastructure.Tests/WitchCityRope.Infrastructure.Tests.csproj]
/home/chad/repos/witchcityrope/WitchCityRope/tests/WitchCityRope.Infrastructure.Tests/Data/ConcurrencyTests.cs(83,13): warning CS8602: Dereference of a possibly null reference. [/home/chad/repos/witchcityrope/WitchCityRope/tests/WitchCityRope.Infrastructure.Tests/WitchCityRope.Infrastructure.Tests.csproj]
/home/chad/repos/witchcityrope/WitchCityRope/tests/WitchCityRope.Infrastructure.Tests/Data/ConcurrencyTests.cs(84,13): warning CS8602: Dereference of a possibly null reference. [/home/chad/repos/witchcityrope/WitchCityRope/tests/WitchCityRope.Infrastructure.Tests/WitchCityRope.Infrastructure.Tests.csproj]
/home/chad/repos/witchcityrope/WitchCityRope/tests/WitchCityRope.Infrastructure.Tests/Data/ConcurrencyTests.cs(85,13): warning CS8602: Dereference of a possibly null reference. [/home/chad/repos/witchcityrope/WitchCityRope/tests/WitchCityRope.Infrastructure.Tests/WitchCityRope.Infrastructure.Tests.csproj]
/home/chad/repos/witchcityrope/WitchCityRope/tests/WitchCityRope.Infrastructure.Tests/Data/ConcurrencyTests.cs(86,13): warning CS8602: Dereference of a possibly null reference. [/home/chad/repos/witchcityrope/WitchCityRope/tests/WitchCityRope.Infrastructure.Tests/WitchCityRope.Infrastructure.Tests.csproj]
/home/chad/repos/witchcityrope/WitchCityRope/tests/WitchCityRope.Infrastructure.Tests/Data/ConcurrencyTests.cs(87,13): warning CS8602: Dereference of a possibly null reference. [/home/chad/repos/witchcityrope/WitchCityRope/tests/WitchCityRope.Infrastructure.Tests/WitchCityRope.Infrastructure.Tests.csproj]
/home/chad/repos/witchcityrope/WitchCityRope/tests/WitchCityRope.Infrastructure.Tests/Data/ConcurrencyTests.cs(101,41): warning CS8602: Dereference of a possibly null reference. [/home/chad/repos/witchcityrope/WitchCityRope/tests/WitchCityRope.Infrastructure.Tests/WitchCityRope.Infrastructure.Tests.csproj]
/home/chad/repos/witchcityrope/WitchCityRope/tests/WitchCityRope.Infrastructure.Tests/Data/ConcurrencyTests.cs(103,13): warning CS8602: Dereference of a possibly null reference. [/home/chad/repos/witchcityrope/WitchCityRope/tests/WitchCityRope.Infrastructure.Tests/WitchCityRope.Infrastructure.Tests.csproj]
/home/chad/repos/witchcityrope/WitchCityRope/tests/WitchCityRope.Infrastructure.Tests/Data/ConcurrencyTests.cs(104,13): warning CS8602: Dereference of a possibly null reference. [/home/chad/repos/witchcityrope/WitchCityRope/tests/WitchCityRope.Infrastructure.Tests/WitchCityRope.Infrastructure.Tests.csproj]
/home/chad/repos/witchcityrope/WitchCityRope/tests/WitchCityRope.Infrastructure.Tests/Data/ConcurrencyTests.cs(105,13): warning CS8602: Dereference of a possibly null reference. [/home/chad/repos/witchcityrope/WitchCityRope/tests/WitchCityRope.Infrastructure.Tests/WitchCityRope.Infrastructure.Tests.csproj]
/home/chad/repos/witchcityrope/WitchCityRope/tests/WitchCityRope.Infrastructure.Tests/Data/ConcurrencyTests.cs(106,13): warning CS8602: Dereference of a possibly null reference. [/home/chad/repos/witchcityrope/WitchCityRope/tests/WitchCityRope.Infrastructure.Tests/WitchCityRope.Infrastructure.Tests.csproj]
/home/chad/repos/witchcityrope/WitchCityRope/tests/WitchCityRope.Infrastructure.Tests/Data/ConcurrencyTests.cs(107,13): warning CS8602: Dereference of a possibly null reference. [/home/chad/repos/witchcityrope/WitchCityRope/tests/WitchCityRope.Infrastructure.Tests/WitchCityRope.Infrastructure.Tests.csproj]
/home/chad/repos/witchcityrope/WitchCityRope/tests/WitchCityRope.Infrastructure.Tests/Data/EntityConfigurationTests.cs(99,41): warning CS8602: Dereference of a possibly null reference. [/home/chad/repos/witchcityrope/WitchCityRope/tests/WitchCityRope.Infrastructure.Tests/WitchCityRope.Infrastructure.Tests.csproj]
/home/chad/repos/witchcityrope/WitchCityRope/tests/WitchCityRope.Infrastructure.Tests/Data/EntityConfigurationTests.cs(101,13): warning CS8602: Dereference of a possibly null reference. [/home/chad/repos/witchcityrope/WitchCityRope/tests/WitchCityRope.Infrastructure.Tests/WitchCityRope.Infrastructure.Tests.csproj]
/home/chad/repos/witchcityrope/WitchCityRope/tests/WitchCityRope.Infrastructure.Tests/Data/EntityConfigurationTests.cs(102,13): warning CS8602: Dereference of a possibly null reference. [/home/chad/repos/witchcityrope/WitchCityRope/tests/WitchCityRope.Infrastructure.Tests/WitchCityRope.Infrastructure.Tests.csproj]
/home/chad/repos/witchcityrope/WitchCityRope/tests/WitchCityRope.Infrastructure.Tests/Data/EntityConfigurationTests.cs(103,13): warning CS8602: Dereference of a possibly null reference. [/home/chad/repos/witchcityrope/WitchCityRope/tests/WitchCityRope.Infrastructure.Tests/WitchCityRope.Infrastructure.Tests.csproj]
/home/chad/repos/witchcityrope/WitchCityRope/tests/WitchCityRope.Infrastructure.Tests/Data/EntityConfigurationTests.cs(104,13): warning CS8602: Dereference of a possibly null reference. [/home/chad/repos/witchcityrope/WitchCityRope/tests/WitchCityRope.Infrastructure.Tests/WitchCityRope.Infrastructure.Tests.csproj]
/home/chad/repos/witchcityrope/WitchCityRope/tests/WitchCityRope.Infrastructure.Tests/Data/EntityConfigurationTests.cs(105,13): warning CS8602: Dereference of a possibly null reference. [/home/chad/repos/witchcityrope/WitchCityRope/tests/WitchCityRope.Infrastructure.Tests/WitchCityRope.Infrastructure.Tests.csproj]
/home/chad/repos/witchcityrope/WitchCityRope/tests/WitchCityRope.Infrastructure.Tests/Data/EntityConfigurationTests.cs(172,13): warning CS0162: Unreachable code detected [/home/chad/repos/witchcityrope/WitchCityRope/tests/WitchCityRope.Infrastructure.Tests/WitchCityRope.Infrastructure.Tests.csproj]
/home/chad/repos/witchcityrope/WitchCityRope/tests/WitchCityRope.Infrastructure.Tests/Data/ConcurrencyTests.cs(237,39): warning CS0618: 'PaymentBuilder.WithRegistration(Registration)' is obsolete: 'Use WithTicket instead. Registration is being phased out.' [/home/chad/repos/witchcityrope/WitchCityRope/tests/WitchCityRope.Infrastructure.Tests/WitchCityRope.Infrastructure.Tests.csproj]
/home/chad/repos/witchcityrope/WitchCityRope/tests/WitchCityRope.Infrastructure.Tests/Data/ConcurrencyTests.cs(265,52): warning CS0618: 'Payment.RegistrationId' is obsolete: 'Use TicketId instead. Registration is being phased out.' [/home/chad/repos/witchcityrope/WitchCityRope/tests/WitchCityRope.Infrastructure.Tests/WitchCityRope.Infrastructure.Tests.csproj]
/home/chad/repos/witchcityrope/WitchCityRope/tests/WitchCityRope.Infrastructure.Tests/Data/EntityConfigurationTests.cs(266,27): warning CS8625: Cannot convert null literal to non-nullable reference type. [/home/chad/repos/witchcityrope/WitchCityRope/tests/WitchCityRope.Infrastructure.Tests/WitchCityRope.Infrastructure.Tests.csproj]
/home/chad/repos/witchcityrope/WitchCityRope/tests/WitchCityRope.Infrastructure.Tests/Data/EntityConfigurationTests.cs(345,13): warning CS8602: Dereference of a possibly null reference. [/home/chad/repos/witchcityrope/WitchCityRope/tests/WitchCityRope.Infrastructure.Tests/WitchCityRope.Infrastructure.Tests.csproj]
/home/chad/repos/witchcityrope/WitchCityRope/tests/WitchCityRope.Infrastructure.Tests/Data/MigrationTests.cs(207,18): warning EF1002: Method 'SqlQueryRaw' inserts interpolated strings directly into the SQL, without any protection against SQL injection. Consider using 'SqlQuery' instead, which protects against SQL injection, or make sure that the value is sanitized and suppress the warning. [/home/chad/repos/witchcityrope/WitchCityRope/tests/WitchCityRope.Infrastructure.Tests/WitchCityRope.Infrastructure.Tests.csproj]
/home/chad/repos/witchcityrope/WitchCityRope/tests/WitchCityRope.E2E.Tests/PageObjects/BasePage.cs(30,29): warning CS1998: This async method lacks 'await' operators and will run synchronously. Consider using the 'await' operator to await non-blocking API calls, or 'await Task.Run(...)' to do CPU-bound work on a background thread. [/home/chad/repos/witchcityrope/WitchCityRope/tests/WitchCityRope.E2E.Tests/WitchCityRope.E2E.Tests.csproj]
/home/chad/repos/witchcityrope/WitchCityRope/tests/WitchCityRope.E2E.Tests/Tests/Authentication/TwoFactorAuthTests.cs(38,37): warning CS8602: Dereference of a possibly null reference. [/home/chad/repos/witchcityrope/WitchCityRope/tests/WitchCityRope.E2E.Tests/WitchCityRope.E2E.Tests.csproj]
/home/chad/repos/witchcityrope/WitchCityRope/tests/WitchCityRope.E2E.Tests/PageObjects/Events/EventListPage.cs(48,31): warning CS8602: Dereference of a possibly null reference. [/home/chad/repos/witchcityrope/WitchCityRope/tests/WitchCityRope.E2E.Tests/WitchCityRope.E2E.Tests.csproj]
/home/chad/repos/witchcityrope/WitchCityRope/tests/WitchCityRope.E2E.Tests/PageObjects/Events/EventListPage.cs(49,30): warning CS8602: Dereference of a possibly null reference. [/home/chad/repos/witchcityrope/WitchCityRope/tests/WitchCityRope.E2E.Tests/WitchCityRope.E2E.Tests.csproj]
/home/chad/repos/witchcityrope/WitchCityRope/tests/WitchCityRope.E2E.Tests/PageObjects/Events/EventListPage.cs(50,31): warning CS8602: Dereference of a possibly null reference. [/home/chad/repos/witchcityrope/WitchCityRope/tests/WitchCityRope.E2E.Tests/WitchCityRope.E2E.Tests.csproj]
/home/chad/repos/witchcityrope/WitchCityRope/tests/WitchCityRope.E2E.Tests/PageObjects/Events/EventListPage.cs(51,34): warning CS8602: Dereference of a possibly null reference. [/home/chad/repos/witchcityrope/WitchCityRope/tests/WitchCityRope.E2E.Tests/WitchCityRope.E2E.Tests.csproj]
/home/chad/repos/witchcityrope/WitchCityRope/tests/WitchCityRope.E2E.Tests/PageObjects/Events/EventListPage.cs(83,19): warning CS8602: Dereference of a possibly null reference. [/home/chad/repos/witchcityrope/WitchCityRope/tests/WitchCityRope.E2E.Tests/WitchCityRope.E2E.Tests.csproj]
/home/chad/repos/witchcityrope/WitchCityRope/tests/WitchCityRope.E2E.Tests/PageObjects/Members/DashboardPage.cs(69,30): warning CS8602: Dereference of a possibly null reference. [/home/chad/repos/witchcityrope/WitchCityRope/tests/WitchCityRope.E2E.Tests/WitchCityRope.E2E.Tests.csproj]
/home/chad/repos/witchcityrope/WitchCityRope/tests/WitchCityRope.E2E.Tests/PageObjects/Events/EventListPage.cs(93,19): warning CS8602: Dereference of a possibly null reference. [/home/chad/repos/witchcityrope/WitchCityRope/tests/WitchCityRope.E2E.Tests/WitchCityRope.E2E.Tests.csproj]
/home/chad/repos/witchcityrope/WitchCityRope/tests/WitchCityRope.E2E.Tests/PageObjects/Members/ProfilePage.cs(149,29): warning CS8602: Dereference of a possibly null reference. [/home/chad/repos/witchcityrope/WitchCityRope/tests/WitchCityRope.E2E.Tests/WitchCityRope.E2E.Tests.csproj]
/home/chad/repos/witchcityrope/WitchCityRope/tests/WitchCityRope.E2E.Tests/PageObjects/Members/ProfilePage.cs(152,35): warning CS8602: Dereference of a possibly null reference. [/home/chad/repos/witchcityrope/WitchCityRope/tests/WitchCityRope.E2E.Tests/WitchCityRope.E2E.Tests.csproj]
/home/chad/repos/witchcityrope/WitchCityRope/tests/WitchCityRope.E2E.Tests/PageObjects/Events/EventListPage.cs(117,26): warning CS8602: Dereference of a possibly null reference. [/home/chad/repos/witchcityrope/WitchCityRope/tests/WitchCityRope.E2E.Tests/WitchCityRope.E2E.Tests.csproj]
/home/chad/repos/witchcityrope/WitchCityRope/tests/WitchCityRope.E2E.Tests/PageObjects/Events/EventDetailPage.cs(91,15): warning CS8602: Dereference of a possibly null reference. [/home/chad/repos/witchcityrope/WitchCityRope/tests/WitchCityRope.E2E.Tests/WitchCityRope.E2E.Tests.csproj]
/home/chad/repos/witchcityrope/WitchCityRope/tests/WitchCityRope.E2E.Tests/PageObjects/Members/DashboardPage.cs(179,15): warning CS8602: Dereference of a possibly null reference. [/home/chad/repos/witchcityrope/WitchCityRope/tests/WitchCityRope.E2E.Tests/WitchCityRope.E2E.Tests.csproj]
/home/chad/repos/witchcityrope/WitchCityRope/tests/WitchCityRope.Web.Tests/Helpers/AuthenticationTestContext.cs(24,30): warning CS8625: Cannot convert null literal to non-nullable reference type. [/home/chad/repos/witchcityrope/WitchCityRope/tests/WitchCityRope.Web.Tests/WitchCityRope.Web.Tests.csproj]
/home/chad/repos/witchcityrope/WitchCityRope/tests/WitchCityRope.Web.Tests/Helpers/ServiceMockHelpers.cs(17,95): warning CS8625: Cannot convert null literal to non-nullable reference type. [/home/chad/repos/witchcityrope/WitchCityRope/tests/WitchCityRope.Web.Tests/WitchCityRope.Web.Tests.csproj]
/home/chad/repos/witchcityrope/WitchCityRope/tests/WitchCityRope.Web.Tests/Helpers/TestBase.cs(64,46): warning CS0114: 'TestBase.RenderComponent<TComponent>(params ComponentParameter[])' hides inherited member 'TestContext.RenderComponent<TComponent>(params ComponentParameter[])'. To make the current member override that implementation, add the override keyword. Otherwise add the new keyword. [/home/chad/repos/witchcityrope/WitchCityRope/tests/WitchCityRope.Web.Tests/WitchCityRope.Web.Tests.csproj]
/home/chad/repos/witchcityrope/WitchCityRope/tests/WitchCityRope.Web.Tests/Helpers/ComponentTestBase.cs(26,19): warning CS8618: Non-nullable property 'NavigationManagerMock' must contain a non-null value when exiting constructor. Consider adding the 'required' modifier or declaring the property as nullable. [/home/chad/repos/witchcityrope/WitchCityRope/tests/WitchCityRope.Web.Tests/WitchCityRope.Web.Tests.csproj]
/home/chad/repos/witchcityrope/WitchCityRope/tests/WitchCityRope.Web.Tests/Helpers/ComponentTestBase.cs(26,19): warning CS8618: Non-nullable property 'JSRuntimeMock' must contain a non-null value when exiting constructor. Consider adding the 'required' modifier or declaring the property as nullable. [/home/chad/repos/witchcityrope/WitchCityRope/tests/WitchCityRope.Web.Tests/WitchCityRope.Web.Tests.csproj]
/home/chad/repos/witchcityrope/WitchCityRope/tests/WitchCityRope.Web.Tests/Helpers/ComponentTestBase.cs(26,19): warning CS8618: Non-nullable property 'AuthServiceMock' must contain a non-null value when exiting constructor. Consider adding the 'required' modifier or declaring the property as nullable. [/home/chad/repos/witchcityrope/WitchCityRope/tests/WitchCityRope.Web.Tests/WitchCityRope.Web.Tests.csproj]
/home/chad/repos/witchcityrope/WitchCityRope/tests/WitchCityRope.Web.Tests/Helpers/ComponentTestBase.cs(26,19): warning CS8618: Non-nullable property 'LocalStorageMock' must contain a non-null value when exiting constructor. Consider adding the 'required' modifier or declaring the property as nullable. [/home/chad/repos/witchcityrope/WitchCityRope/tests/WitchCityRope.Web.Tests/WitchCityRope.Web.Tests.csproj]
/home/chad/repos/witchcityrope/WitchCityRope/tests/WitchCityRope.Web.Tests/Helpers/ComponentTestBase.cs(26,19): warning CS8618: Non-nullable property 'NotificationServiceMock' must contain a non-null value when exiting constructor. Consider adding the 'required' modifier or declaring the property as nullable. [/home/chad/repos/witchcityrope/WitchCityRope/tests/WitchCityRope.Web.Tests/WitchCityRope.Web.Tests.csproj]
/home/chad/repos/witchcityrope/WitchCityRope/tests/WitchCityRope.Web.Tests/Helpers/ComponentTestBase.cs(26,19): warning CS8618: Non-nullable property 'ToastServiceMock' must contain a non-null value when exiting constructor. Consider adding the 'required' modifier or declaring the property as nullable. [/home/chad/repos/witchcityrope/WitchCityRope/tests/WitchCityRope.Web.Tests/WitchCityRope.Web.Tests.csproj]
/home/chad/repos/witchcityrope/WitchCityRope/tests/WitchCityRope.Web.Tests/Helpers/TestBase.cs(23,15): warning CS8618: Non-nullable property 'NavigationManager' must contain a non-null value when exiting constructor. Consider adding the 'required' modifier or declaring the property as nullable. [/home/chad/repos/witchcityrope/WitchCityRope/tests/WitchCityRope.Web.Tests/WitchCityRope.Web.Tests.csproj]
/home/chad/repos/witchcityrope/WitchCityRope/tests/WitchCityRope.Web.Tests/Helpers/BunitExtensions.cs(51,20): warning CS8603: Possible null reference return. [/home/chad/repos/witchcityrope/WitchCityRope/tests/WitchCityRope.Web.Tests/WitchCityRope.Web.Tests.csproj]
/home/chad/repos/witchcityrope/WitchCityRope/tests/WitchCityRope.Web.Tests/Auth/LoginComponentTests.cs(40,35): warning CS8625: Cannot convert null literal to non-nullable reference type. [/home/chad/repos/witchcityrope/WitchCityRope/tests/WitchCityRope.Web.Tests/WitchCityRope.Web.Tests.csproj]
/home/chad/repos/witchcityrope/WitchCityRope/tests/WitchCityRope.Web.Tests/Auth/LoginComponentTests.cs(40,41): warning CS8625: Cannot convert null literal to non-nullable reference type. [/home/chad/repos/witchcityrope/WitchCityRope/tests/WitchCityRope.Web.Tests/WitchCityRope.Web.Tests.csproj]
/home/chad/repos/witchcityrope/WitchCityRope/tests/WitchCityRope.Web.Tests/Auth/LoginComponentTests.cs(40,47): warning CS8625: Cannot convert null literal to non-nullable reference type. [/home/chad/repos/witchcityrope/WitchCityRope/tests/WitchCityRope.Web.Tests/WitchCityRope.Web.Tests.csproj]
/home/chad/repos/witchcityrope/WitchCityRope/tests/WitchCityRope.Web.Tests/Auth/LoginComponentTests.cs(40,53): warning CS8625: Cannot convert null literal to non-nullable reference type. [/home/chad/repos/witchcityrope/WitchCityRope/tests/WitchCityRope.Web.Tests/WitchCityRope.Web.Tests.csproj]
/home/chad/repos/witchcityrope/WitchCityRope/tests/WitchCityRope.Web.Tests/Auth/LoginComponentTests.cs(40,59): warning CS8625: Cannot convert null literal to non-nullable reference type. [/home/chad/repos/witchcityrope/WitchCityRope/tests/WitchCityRope.Web.Tests/WitchCityRope.Web.Tests.csproj]
/home/chad/repos/witchcityrope/WitchCityRope/tests/WitchCityRope.Web.Tests/Auth/LoginComponentTests.cs(40,65): warning CS8625: Cannot convert null literal to non-nullable reference type. [/home/chad/repos/witchcityrope/WitchCityRope/tests/WitchCityRope.Web.Tests/WitchCityRope.Web.Tests.csproj]
/home/chad/repos/witchcityrope/WitchCityRope/tests/WitchCityRope.Web.Tests/Auth/LoginComponentTests.cs(40,71): warning CS8625: Cannot convert null literal to non-nullable reference type. [/home/chad/repos/witchcityrope/WitchCityRope/tests/WitchCityRope.Web.Tests/WitchCityRope.Web.Tests.csproj]
/home/chad/repos/witchcityrope/WitchCityRope/tests/WitchCityRope.Web.Tests/Auth/LoginComponentTests.cs(40,77): warning CS8625: Cannot convert null literal to non-nullable reference type. [/home/chad/repos/witchcityrope/WitchCityRope/tests/WitchCityRope.Web.Tests/WitchCityRope.Web.Tests.csproj]
/home/chad/repos/witchcityrope/WitchCityRope/tests/WitchCityRope.Web.Tests/Features/Auth/TwoFactorAuthComponentTests.cs(53,27): warning CS1998: This async method lacks 'await' operators and will run synchronously. Consider using the 'await' operator to await non-blocking API calls, or 'await Task.Run(...)' to do CPU-bound work on a background thread. [/home/chad/repos/witchcityrope/WitchCityRope/tests/WitchCityRope.Web.Tests/WitchCityRope.Web.Tests.csproj]
/home/chad/repos/witchcityrope/WitchCityRope/tests/WitchCityRope.Web.Tests/Shared/Layouts/MainLayoutTests.cs(300,23): warning CS8618: Non-nullable property 'Message' must contain a non-null value when exiting constructor. Consider adding the 'required' modifier or declaring the property as nullable. [/home/chad/repos/witchcityrope/WitchCityRope/tests/WitchCityRope.Web.Tests/WitchCityRope.Web.Tests.csproj]
/home/chad/repos/witchcityrope/WitchCityRope/tests/WitchCityRope.Web.Tests/Shared/Layouts/MainLayoutTests.cs(301,23): warning CS8618: Non-nullable property 'Type' must contain a non-null value when exiting constructor. Consider adding the 'required' modifier or declaring the property as nullable. [/home/chad/repos/witchcityrope/WitchCityRope/tests/WitchCityRope.Web.Tests/WitchCityRope.Web.Tests.csproj]
/home/chad/repos/witchcityrope/WitchCityRope/tests/WitchCityRope.Web.Tests/Features/Auth/TwoFactorAuthComponentTests.cs(122,13): warning CS8602: Dereference of a possibly null reference. [/home/chad/repos/witchcityrope/WitchCityRope/tests/WitchCityRope.Web.Tests/WitchCityRope.Web.Tests.csproj]
/home/chad/repos/witchcityrope/WitchCityRope/tests/WitchCityRope.Web.Tests/Helpers/NavigationTestHelper.cs(136,25): warning CS8600: Converting null literal or possible null value to non-nullable type. [/home/chad/repos/witchcityrope/WitchCityRope/tests/WitchCityRope.Web.Tests/WitchCityRope.Web.Tests.csproj]
/home/chad/repos/witchcityrope/WitchCityRope/tests/WitchCityRope.Web.Tests/Features/Events/EventDetailPageTests.cs(81,26): warning CS8620: Argument of type 'Task<EventDetail>' cannot be used for parameter 'value' of type 'Task<EventDetail?>' in 'IReturnsResult<IEventService> IReturns<IEventService, Task<EventDetail?>>.Returns(Task<EventDetail?> value)' due to differences in the nullability of reference types. [/home/chad/repos/witchcityrope/WitchCityRope/tests/WitchCityRope.Web.Tests/WitchCityRope.Web.Tests.csproj]
/home/chad/repos/witchcityrope/WitchCityRope/tests/WitchCityRope.Web.Tests/Helpers/ServiceMockHelpers.cs(121,52): warning CS8625: Cannot convert null literal to non-nullable reference type. [/home/chad/repos/witchcityrope/WitchCityRope/tests/WitchCityRope.Web.Tests/WitchCityRope.Web.Tests.csproj]
/home/chad/repos/witchcityrope/WitchCityRope/tests/WitchCityRope.Web.Tests/Features/Events/EventDetailPageTests.cs(104,31): warning CS8600: Converting null literal or possible null value to non-nullable type. [/home/chad/repos/witchcityrope/WitchCityRope/tests/WitchCityRope.Web.Tests/WitchCityRope.Web.Tests.csproj]
/home/chad/repos/witchcityrope/WitchCityRope/tests/WitchCityRope.Web.Tests/Features/Auth/TwoFactorAuthComponentTests.cs(272,13): warning CS8602: Dereference of a possibly null reference. [/home/chad/repos/witchcityrope/WitchCityRope/tests/WitchCityRope.Web.Tests/WitchCityRope.Web.Tests.csproj]
/home/chad/repos/witchcityrope/WitchCityRope/tests/WitchCityRope.Web.Tests/Features/Members/DashboardPageTests.cs(18,37): warning CS8618: Non-nullable field '_eventServiceMock' must contain a non-null value when exiting constructor. Consider adding the 'required' modifier or declaring the field as nullable. [/home/chad/repos/witchcityrope/WitchCityRope/tests/WitchCityRope.Web.Tests/WitchCityRope.Web.Tests.csproj]
/home/chad/repos/witchcityrope/WitchCityRope/tests/WitchCityRope.Web.Tests/Features/Members/DashboardPageTests.cs(19,44): warning CS8618: Non-nullable field '_registrationServiceMock' must contain a non-null value when exiting constructor. Consider adding the 'required' modifier or declaring the field as nullable. [/home/chad/repos/witchcityrope/WitchCityRope/tests/WitchCityRope.Web.Tests/WitchCityRope.Web.Tests.csproj]
/home/chad/repos/witchcityrope/WitchCityRope/tests/WitchCityRope.Web.Tests/Features/Members/DashboardPageTests.cs(20,36): warning CS8618: Non-nullable field '_userServiceMock' must contain a non-null value when exiting constructor. Consider adding the 'required' modifier or declaring the field as nullable. [/home/chad/repos/witchcityrope/WitchCityRope/tests/WitchCityRope.Web.Tests/WitchCityRope.Web.Tests.csproj]
/home/chad/repos/witchcityrope/WitchCityRope/tests/WitchCityRope.Web.Tests/Features/Members/ProfilePageTests.cs(19,36): warning CS8618: Non-nullable field '_userServiceMock' must contain a non-null value when exiting constructor. Consider adding the 'required' modifier or declaring the field as nullable. [/home/chad/repos/witchcityrope/WitchCityRope/tests/WitchCityRope.Web.Tests/WitchCityRope.Web.Tests.csproj]
/home/chad/repos/witchcityrope/WitchCityRope/tests/WitchCityRope.Web.Tests/Features/Events/EventDetailPageTests.cs(341,41): warning CS8602: Dereference of a possibly null reference. [/home/chad/repos/witchcityrope/WitchCityRope/tests/WitchCityRope.Web.Tests/WitchCityRope.Web.Tests.csproj]
/home/chad/repos/witchcityrope/WitchCityRope/tests/WitchCityRope.Web.Tests/Features/Events/EventDetailPageTests.cs(22,37): warning CS8618: Non-nullable field '_eventServiceMock' must contain a non-null value when exiting constructor. Consider adding the 'required' modifier or declaring the field as nullable. [/home/chad/repos/witchcityrope/WitchCityRope/tests/WitchCityRope.Web.Tests/WitchCityRope.Web.Tests.csproj]
/home/chad/repos/witchcityrope/WitchCityRope/tests/WitchCityRope.Web.Tests/Features/Events/EventDetailPageTests.cs(23,44): warning CS8618: Non-nullable field '_registrationServiceMock' must contain a non-null value when exiting constructor. Consider adding the 'required' modifier or declaring the field as nullable. [/home/chad/repos/witchcityrope/WitchCityRope/tests/WitchCityRope.Web.Tests/WitchCityRope.Web.Tests.csproj]
/home/chad/repos/witchcityrope/WitchCityRope/tests/WitchCityRope.Infrastructure.Tests/PayPal/PayPalServiceTests.cs(75,67): error CS1503: Argument 1: cannot convert from 'WitchCityRope.Core.Entities.Ticket' to 'WitchCityRope.Core.Entities.Registration' [/home/chad/repos/witchcityrope/WitchCityRope/tests/WitchCityRope.Infrastructure.Tests/WitchCityRope.Infrastructure.Tests.csproj]
/home/chad/repos/witchcityrope/WitchCityRope/tests/WitchCityRope.Infrastructure.Tests/PayPal/PayPalServiceTests.cs(105,67): error CS1503: Argument 1: cannot convert from 'WitchCityRope.Core.Entities.Ticket' to 'WitchCityRope.Core.Entities.Registration' [/home/chad/repos/witchcityrope/WitchCityRope/tests/WitchCityRope.Infrastructure.Tests/WitchCityRope.Infrastructure.Tests.csproj]
/home/chad/repos/witchcityrope/WitchCityRope/tests/WitchCityRope.Infrastructure.Tests/PayPal/PayPalServiceTests.cs(211,17): error CS0117: 'PaymentMetadata' does not contain a definition for 'TicketId' [/home/chad/repos/witchcityrope/WitchCityRope/tests/WitchCityRope.Infrastructure.Tests/WitchCityRope.Infrastructure.Tests.csproj]
/home/chad/repos/witchcityrope/WitchCityRope/tests/WitchCityRope.E2E.Tests/PlaywrightSetup.cs(13,32): error CS0117: 'Program' does not contain a definition for 'Main' [/home/chad/repos/witchcityrope/WitchCityRope/tests/WitchCityRope.E2E.Tests/WitchCityRope.E2E.Tests.csproj]
/home/chad/repos/witchcityrope/WitchCityRope/tests/WitchCityRope.E2E.Tests/Fixtures/DatabaseFixture.cs(38,30): error CS0029: Cannot implicitly convert type 'string[]' to 'Respawn.Graph.Table[]' [/home/chad/repos/witchcityrope/WitchCityRope/tests/WitchCityRope.E2E.Tests/WitchCityRope.E2E.Tests.csproj]
/home/chad/repos/witchcityrope/WitchCityRope/tests/WitchCityRope.E2E.Tests/Fixtures/TestDataManager.cs(40,13): error CS0200: Property or indexer 'WitchCityRopeUser.EncryptedLegalName' cannot be assigned to -- it is read only [/home/chad/repos/witchcityrope/WitchCityRope/tests/WitchCityRope.E2E.Tests/WitchCityRope.E2E.Tests.csproj]
/home/chad/repos/witchcityrope/WitchCityRope/tests/WitchCityRope.E2E.Tests/Fixtures/TestDataManager.cs(41,13): error CS0200: Property or indexer 'WitchCityRopeUser.SceneNameValue' cannot be assigned to -- it is read only [/home/chad/repos/witchcityrope/WitchCityRope/tests/WitchCityRope.E2E.Tests/WitchCityRope.E2E.Tests.csproj]
/home/chad/repos/witchcityrope/WitchCityRope/tests/WitchCityRope.E2E.Tests/Fixtures/TestDataManager.cs(42,13): error CS0200: Property or indexer 'WitchCityRopeUser.SceneName' cannot be assigned to -- it is read only [/home/chad/repos/witchcityrope/WitchCityRope/tests/WitchCityRope.E2E.Tests/WitchCityRope.E2E.Tests.csproj]
/home/chad/repos/witchcityrope/WitchCityRope/tests/WitchCityRope.E2E.Tests/Fixtures/TestDataManager.cs(47,13): error CS0200: Property or indexer 'WitchCityRopeUser.EmailAddress' cannot be assigned to -- it is read only [/home/chad/repos/witchcityrope/WitchCityRope/tests/WitchCityRope.E2E.Tests/WitchCityRope.E2E.Tests.csproj]
/home/chad/repos/witchcityrope/WitchCityRope/tests/WitchCityRope.E2E.Tests/Fixtures/TestDataManager.cs(48,13): error CS0200: Property or indexer 'WitchCityRopeUser.DateOfBirth' cannot be assigned to -- it is read only [/home/chad/repos/witchcityrope/WitchCityRope/tests/WitchCityRope.E2E.Tests/WitchCityRope.E2E.Tests.csproj]
/home/chad/repos/witchcityrope/WitchCityRope/tests/WitchCityRope.E2E.Tests/Fixtures/TestDataManager.cs(49,13): error CS0200: Property or indexer 'WitchCityRopeUser.Role' cannot be assigned to -- it is read only [/home/chad/repos/witchcityrope/WitchCityRope/tests/WitchCityRope.E2E.Tests/WitchCityRope.E2E.Tests.csproj]
/home/chad/repos/witchcityrope/WitchCityRope/tests/WitchCityRope.E2E.Tests/Fixtures/TestDataManager.cs(50,13): error CS0117: 'WitchCityRopeUser' does not contain a definition for 'Roles' [/home/chad/repos/witchcityrope/WitchCityRope/tests/WitchCityRope.E2E.Tests/WitchCityRope.E2E.Tests.csproj]
/home/chad/repos/witchcityrope/WitchCityRope/tests/WitchCityRope.E2E.Tests/Fixtures/TestDataManager.cs(51,13): error CS0200: Property or indexer 'WitchCityRopeUser.IsActive' cannot be assigned to -- it is read only [/home/chad/repos/witchcityrope/WitchCityRope/tests/WitchCityRope.E2E.Tests/WitchCityRope.E2E.Tests.csproj]
/home/chad/repos/witchcityrope/WitchCityRope/tests/WitchCityRope.E2E.Tests/Fixtures/TestDataManager.cs(53,13): error CS0200: Property or indexer 'WitchCityRopeUser.CreatedAt' cannot be assigned to -- it is read only [/home/chad/repos/witchcityrope/WitchCityRope/tests/WitchCityRope.E2E.Tests/WitchCityRope.E2E.Tests.csproj]
/home/chad/repos/witchcityrope/WitchCityRope/tests/WitchCityRope.E2E.Tests/Fixtures/TestDataManager.cs(54,13): error CS0200: Property or indexer 'WitchCityRopeUser.UpdatedAt' cannot be assigned to -- it is read only [/home/chad/repos/witchcityrope/WitchCityRope/tests/WitchCityRope.E2E.Tests/WitchCityRope.E2E.Tests.csproj]
/home/chad/repos/witchcityrope/WitchCityRope/tests/WitchCityRope.E2E.Tests/Fixtures/TestDataManager.cs(105,48): error CS1503: Argument 1: cannot convert from 'string' to 'decimal' [/home/chad/repos/witchcityrope/WitchCityRope/tests/WitchCityRope.E2E.Tests/WitchCityRope.E2E.Tests.csproj]
/home/chad/repos/witchcityrope/WitchCityRope/tests/WitchCityRope.E2E.Tests/Fixtures/TestDataManager.cs(105,55): error CS1503: Argument 2: cannot convert from 'decimal' to 'string' [/home/chad/repos/witchcityrope/WitchCityRope/tests/WitchCityRope.E2E.Tests/WitchCityRope.E2E.Tests.csproj]
/home/chad/repos/witchcityrope/WitchCityRope/tests/WitchCityRope.E2E.Tests/Fixtures/TestDataManager.cs(121,33): error CS1061: 'Event' does not contain a definition for 'Price' and no accessible extension method 'Price' accepting a first argument of type 'Event' could be found (are you missing a using directive or an assembly reference?) [/home/chad/repos/witchcityrope/WitchCityRope/tests/WitchCityRope.E2E.Tests/WitchCityRope.E2E.Tests.csproj]
/home/chad/repos/witchcityrope/WitchCityRope/tests/WitchCityRope.E2E.Tests/Tests/UserJourneys/UserRegistrationFlowTests.cs(50,57): error CS1503: Argument 2: cannot convert from 'System.StringComparison' to 'string' [/home/chad/repos/witchcityrope/WitchCityRope/tests/WitchCityRope.E2E.Tests/WitchCityRope.E2E.Tests.csproj]
/home/chad/repos/witchcityrope/WitchCityRope/tests/WitchCityRope.E2E.Tests/Tests/UserJourneys/VettingApplicationFlowTests.cs(61,56): error CS1503: Argument 2: cannot convert from 'System.StringComparison' to 'string' [/home/chad/repos/witchcityrope/WitchCityRope/tests/WitchCityRope.E2E.Tests/WitchCityRope.E2E.Tests.csproj]
/home/chad/repos/witchcityrope/WitchCityRope/tests/WitchCityRope.E2E.Tests/Tests/UserJourneys/VettingApplicationFlowTests.cs(62,54): error CS1503: Argument 2: cannot convert from 'System.StringComparison' to 'string' [/home/chad/repos/witchcityrope/WitchCityRope/tests/WitchCityRope.E2E.Tests/WitchCityRope.E2E.Tests.csproj]
/home/chad/repos/witchcityrope/WitchCityRope/tests/WitchCityRope.E2E.Tests/Fixtures/TestDataManager.cs(138,29): error CS1503: Argument 1: cannot convert from 'string' to 'decimal' [/home/chad/repos/witchcityrope/WitchCityRope/tests/WitchCityRope.E2E.Tests/WitchCityRope.E2E.Tests.csproj]
/home/chad/repos/witchcityrope/WitchCityRope/tests/WitchCityRope.E2E.Tests/Fixtures/TestDataManager.cs(138,36): error CS1503: Argument 2: cannot convert from 'int' to 'string' [/home/chad/repos/witchcityrope/WitchCityRope/tests/WitchCityRope.E2E.Tests/WitchCityRope.E2E.Tests.csproj]
/home/chad/repos/witchcityrope/WitchCityRope/tests/WitchCityRope.E2E.Tests/Tests/UserJourneys/EventRegistrationFlowTests.cs(141,61): error CS1503: Argument 2: cannot convert from 'System.StringComparison' to 'string' [/home/chad/repos/witchcityrope/WitchCityRope/tests/WitchCityRope.E2E.Tests/WitchCityRope.E2E.Tests.csproj]
/home/chad/repos/witchcityrope/WitchCityRope/tests/WitchCityRope.E2E.Tests/Tests/UserJourneys/VettingApplicationFlowTests.cs(137,52): error CS1503: Argument 2: cannot convert from 'System.StringComparison' to 'string' [/home/chad/repos/witchcityrope/WitchCityRope/tests/WitchCityRope.E2E.Tests/WitchCityRope.E2E.Tests.csproj]
/home/chad/repos/witchcityrope/WitchCityRope/tests/WitchCityRope.E2E.Tests/Tests/UserJourneys/VettingApplicationFlowTests.cs(148,58): error CS1503: Argument 2: cannot convert from 'System.StringComparison' to 'string' [/home/chad/repos/witchcityrope/WitchCityRope/tests/WitchCityRope.E2E.Tests/WitchCityRope.E2E.Tests.csproj]
/home/chad/repos/witchcityrope/WitchCityRope/tests/WitchCityRope.E2E.Tests/Tests/Authentication/TwoFactorAuthTests.cs(121,43): error CS1503: Argument 1: cannot convert from 'string[]' to 'string' [/home/chad/repos/witchcityrope/WitchCityRope/tests/WitchCityRope.E2E.Tests/WitchCityRope.E2E.Tests.csproj]
/home/chad/repos/witchcityrope/WitchCityRope/tests/WitchCityRope.E2E.Tests/Tests/Authentication/TwoFactorAuthTests.cs(122,17): error CS1503: Argument 2: cannot convert from 'System.StringComparison' to 'string' [/home/chad/repos/witchcityrope/WitchCityRope/tests/WitchCityRope.E2E.Tests/WitchCityRope.E2E.Tests.csproj]
/home/chad/repos/witchcityrope/WitchCityRope/tests/WitchCityRope.E2E.Tests/Tests/Authentication/AuthenticationFlowTests.cs(74,39): error CS1503: Argument 1: cannot convert from 'string[]' to 'string' [/home/chad/repos/witchcityrope/WitchCityRope/tests/WitchCityRope.E2E.Tests/WitchCityRope.E2E.Tests.csproj]
/home/chad/repos/witchcityrope/WitchCityRope/tests/WitchCityRope.E2E.Tests/Tests/Authentication/AuthenticationFlowTests.cs(75,13): error CS1503: Argument 2: cannot convert from 'System.StringComparison' to 'string' [/home/chad/repos/witchcityrope/WitchCityRope/tests/WitchCityRope.E2E.Tests/WitchCityRope.E2E.Tests.csproj]
/home/chad/repos/witchcityrope/WitchCityRope/tests/WitchCityRope.E2E.Tests/Tests/Authentication/AuthenticationFlowTests.cs(166,41): error CS1503: Argument 1: cannot convert from 'string[]' to 'string' [/home/chad/repos/witchcityrope/WitchCityRope/tests/WitchCityRope.E2E.Tests/WitchCityRope.E2E.Tests.csproj]
/home/chad/repos/witchcityrope/WitchCityRope/tests/WitchCityRope.E2E.Tests/Tests/Authentication/AuthenticationFlowTests.cs(167,13): error CS1503: Argument 2: cannot convert from 'System.StringComparison' to 'string' [/home/chad/repos/witchcityrope/WitchCityRope/tests/WitchCityRope.E2E.Tests/WitchCityRope.E2E.Tests.csproj]
/home/chad/repos/witchcityrope/WitchCityRope/tests/WitchCityRope.E2E.Tests/Tests/Authentication/AuthenticationFlowTests.cs(204,38): error CS1503: Argument 1: cannot convert from 'string[]' to 'string' [/home/chad/repos/witchcityrope/WitchCityRope/tests/WitchCityRope.E2E.Tests/WitchCityRope.E2E.Tests.csproj]
/home/chad/repos/witchcityrope/WitchCityRope/tests/WitchCityRope.E2E.Tests/Tests/Authentication/AuthenticationFlowTests.cs(205,17): error CS1503: Argument 2: cannot convert from 'System.StringComparison' to 'string' [/home/chad/repos/witchcityrope/WitchCityRope/tests/WitchCityRope.E2E.Tests/WitchCityRope.E2E.Tests.csproj]
/home/chad/repos/witchcityrope/WitchCityRope/tests/WitchCityRope.Api.Tests/Services/AuthServiceTests.cs(436,54): error CS0234: The type or namespace name 'UserWithAuth' does not exist in the namespace 'WitchCityRope.Api.Features.Auth.Services' (are you missing an assembly reference?) [/home/chad/repos/witchcityrope/WitchCityRope/tests/WitchCityRope.Api.Tests/WitchCityRope.Api.Tests.csproj]
/home/chad/repos/witchcityrope/WitchCityRope/tests/WitchCityRope.Api.Tests/Features/Auth/LoginCommandTests.cs(132,80): error CS0234: The type or namespace name 'UserWithAuth' does not exist in the namespace 'WitchCityRope.Api.Features.Auth.Services' (are you missing an assembly reference?) [/home/chad/repos/witchcityrope/WitchCityRope/tests/WitchCityRope.Api.Tests/WitchCityRope.Api.Tests.csproj]
/home/chad/repos/witchcityrope/WitchCityRope/tests/WitchCityRope.Api.Tests/Features/Auth/LoginCommandTests.cs(132,16): error CS0246: The type or namespace name 'JwtToken' could not be found (are you missing a using directive or an assembly reference?) [/home/chad/repos/witchcityrope/WitchCityRope/tests/WitchCityRope.Api.Tests/WitchCityRope.Api.Tests.csproj]
/home/chad/repos/witchcityrope/WitchCityRope/tests/WitchCityRope.Api.Tests/Features/Auth/LoginCommandTests.cs(130,37): error CS0535: 'MockTokenService' does not implement interface member 'IJwtService.GenerateToken(UserWithAuth)' [/home/chad/repos/witchcityrope/WitchCityRope/tests/WitchCityRope.Api.Tests/WitchCityRope.Api.Tests.csproj]
/home/chad/repos/witchcityrope/WitchCityRope/tests/WitchCityRope.Web.Tests/TestData/TestDataBuilder.cs(35,13): error CS0117: 'EventDto' does not contain a definition for 'Title' [/home/chad/repos/witchcityrope/WitchCityRope/tests/WitchCityRope.Web.Tests/WitchCityRope.Web.Tests.csproj]
/home/chad/repos/witchcityrope/WitchCityRope/tests/WitchCityRope.Web.Tests/TestData/TestDataBuilder.cs(36,13): error CS0117: 'EventDto' does not contain a definition for 'StartDate' [/home/chad/repos/witchcityrope/WitchCityRope/tests/WitchCityRope.Web.Tests/WitchCityRope.Web.Tests.csproj]
/home/chad/repos/witchcityrope/WitchCityRope/tests/WitchCityRope.Web.Tests/TestData/TestDataBuilder.cs(37,13): error CS0117: 'EventDto' does not contain a definition for 'EndDate' [/home/chad/repos/witchcityrope/WitchCityRope/tests/WitchCityRope.Web.Tests/WitchCityRope.Web.Tests.csproj]
/home/chad/repos/witchcityrope/WitchCityRope/tests/WitchCityRope.Web.Tests/TestData/TestDataBuilder.cs(39,25): error CS0029: Cannot implicitly convert type 'WitchCityRope.Core.Enums.EventType' to 'string' [/home/chad/repos/witchcityrope/WitchCityRope/tests/WitchCityRope.Web.Tests/WitchCityRope.Web.Tests.csproj]
/home/chad/repos/witchcityrope/WitchCityRope/tests/WitchCityRope.Web.Tests/TestData/TestDataBuilder.cs(40,13): error CS0117: 'EventDto' does not contain a definition for 'InstructorName' [/home/chad/repos/witchcityrope/WitchCityRope/tests/WitchCityRope.Web.Tests/WitchCityRope.Web.Tests.csproj]
/home/chad/repos/witchcityrope/WitchCityRope/tests/WitchCityRope.Web.Tests/TestData/TestDataBuilder.cs(41,13): error CS0117: 'EventDto' does not contain a definition for 'RegistrationStatus' [/home/chad/repos/witchcityrope/WitchCityRope/tests/WitchCityRope.Web.Tests/WitchCityRope.Web.Tests.csproj]
/home/chad/repos/witchcityrope/WitchCityRope/tests/WitchCityRope.Web.Tests/TestData/TestDataBuilder.cs(42,13): error CS0117: 'EventDto' does not contain a definition for 'TicketId' [/home/chad/repos/witchcityrope/WitchCityRope/tests/WitchCityRope.Web.Tests/WitchCityRope.Web.Tests.csproj]
/home/chad/repos/witchcityrope/WitchCityRope/tests/WitchCityRope.Web.Tests/Helpers/ServiceMockHelpers.cs(119,32): error CS0029: Cannot implicitly convert type 'System.Threading.Tasks.Task<object>' to 'System.Threading.Tasks.Task<Moq.It.IsAnyType>' [/home/chad/repos/witchcityrope/WitchCityRope/tests/WitchCityRope.Web.Tests/WitchCityRope.Web.Tests.csproj]
/home/chad/repos/witchcityrope/WitchCityRope/tests/WitchCityRope.Web.Tests/Helpers/ServiceMockHelpers.cs(119,32): error CS1662: Cannot convert lambda expression to intended delegate type because some of the return types in the block are not implicitly convertible to the delegate return type [/home/chad/repos/witchcityrope/WitchCityRope/tests/WitchCityRope.Web.Tests/WitchCityRope.Web.Tests.csproj]
/home/chad/repos/witchcityrope/WitchCityRope/tests/WitchCityRope.Web.Tests/Helpers/ServiceMockHelpers.cs(121,28): error CS0029: Cannot implicitly convert type 'System.Threading.Tasks.Task<object>' to 'System.Threading.Tasks.Task<Moq.It.IsAnyType>' [/home/chad/repos/witchcityrope/WitchCityRope/tests/WitchCityRope.Web.Tests/WitchCityRope.Web.Tests.csproj]
/home/chad/repos/witchcityrope/WitchCityRope/tests/WitchCityRope.Web.Tests/Helpers/ServiceMockHelpers.cs(121,28): error CS1662: Cannot convert lambda expression to intended delegate type because some of the return types in the block are not implicitly convertible to the delegate return type [/home/chad/repos/witchcityrope/WitchCityRope/tests/WitchCityRope.Web.Tests/WitchCityRope.Web.Tests.csproj]
/home/chad/repos/witchcityrope/WitchCityRope/tests/WitchCityRope.Web.Tests/Features/Events/EventCardComponentTests.cs(194,38): error CS0103: The name 'EventCallback' does not exist in the current context [/home/chad/repos/witchcityrope/WitchCityRope/tests/WitchCityRope.Web.Tests/WitchCityRope.Web.Tests.csproj]
/home/chad/repos/witchcityrope/WitchCityRope/tests/WitchCityRope.Web.Tests/Shared/Components/Navigation/MainNavTests.cs(164,44): error CS0246: The type or namespace name 'IUserService' could not be found (are you missing a using directive or an assembly reference?) [/home/chad/repos/witchcityrope/WitchCityRope/tests/WitchCityRope.Web.Tests/WitchCityRope.Web.Tests.csproj]
/home/chad/repos/witchcityrope/WitchCityRope/tests/WitchCityRope.Web.Tests/Features/Events/EventCardComponentTests.cs(214,38): error CS0103: The name 'EventCallback' does not exist in the current context [/home/chad/repos/witchcityrope/WitchCityRope/tests/WitchCityRope.Web.Tests/WitchCityRope.Web.Tests.csproj]
/home/chad/repos/witchcityrope/WitchCityRope/tests/WitchCityRope.Web.Tests/Shared/Layouts/MainLayoutTests.cs(209,52): error CS0246: The type or namespace name 'INotificationService' could not be found (are you missing a using directive or an assembly reference?) [/home/chad/repos/witchcityrope/WitchCityRope/tests/WitchCityRope.Web.Tests/WitchCityRope.Web.Tests.csproj]
/home/chad/repos/witchcityrope/WitchCityRope/tests/WitchCityRope.Web.Tests/Shared/Layouts/MainLayoutTests.cs(227,72): error CS1503: Argument 2: cannot convert from 'int' to 'System.Threading.CancellationToken' [/home/chad/repos/witchcityrope/WitchCityRope/tests/WitchCityRope.Web.Tests/WitchCityRope.Web.Tests.csproj]
/home/chad/repos/witchcityrope/WitchCityRope/tests/WitchCityRope.Web.Tests/Shared/Layouts/MainLayoutTests.cs(227,75): error CS1503: Argument 3: cannot convert from 'int' to 'object?[]?' [/home/chad/repos/witchcityrope/WitchCityRope/tests/WitchCityRope.Web.Tests/WitchCityRope.Web.Tests.csproj]
/home/chad/repos/witchcityrope/WitchCityRope/tests/WitchCityRope.Web.Tests/Shared/Layouts/MainLayoutTests.cs(228,13): error CS0103: The name 'StateHasChanged' does not exist in the current context [/home/chad/repos/witchcityrope/WitchCityRope/tests/WitchCityRope.Web.Tests/WitchCityRope.Web.Tests.csproj]
/home/chad/repos/witchcityrope/WitchCityRope/tests/WitchCityRope.Web.Tests/Shared/Components/Navigation/MainNavTests.cs(217,52): error CS0246: The type or namespace name 'INotificationService' could not be found (are you missing a using directive or an assembly reference?) [/home/chad/repos/witchcityrope/WitchCityRope/tests/WitchCityRope.Web.Tests/WitchCityRope.Web.Tests.csproj]
/home/chad/repos/witchcityrope/WitchCityRope/tests/WitchCityRope.Web.Tests/Auth/LoginComponentTests.cs(474,52): error CS1061: 'string' does not contain a definition for 'Value' and no accessible extension method 'Value' accepting a first argument of type 'string' could be found (are you missing a using directive or an assembly reference?) [/home/chad/repos/witchcityrope/WitchCityRope/tests/WitchCityRope.Web.Tests/WitchCityRope.Web.Tests.csproj]
/home/chad/repos/witchcityrope/WitchCityRope/tests/WitchCityRope.Web.Tests/Auth/LoginComponentTests.cs(489,52): error CS1061: 'string' does not contain a definition for 'Value' and no accessible extension method 'Value' accepting a first argument of type 'string' could be found (are you missing a using directive or an assembly reference?) [/home/chad/repos/witchcityrope/WitchCityRope/tests/WitchCityRope.Web.Tests/WitchCityRope.Web.Tests.csproj]
    156 Warning(s)
    59 Error(s)

Time Elapsed 00:00:03.94
